00400000-00403000 r-xp 00000000 08:01 121516     /run/youview/jail/applications/air/0/opt/stagecraft-2.0/bin/stagecraft
Size:                 12 kB
Rss:                  12 kB
Pss:                  12 kB
Shared_Clean:          0 kB
Shared_Dirty:          0 kB
Private_Clean:        12 kB
Private_Dirty:         0 kB
Referenced:           12 kB
Swap:                  0 kB
KernelPageSize:        4 kB
MMUPageSize:           4 kB
00412000-00413000 r--p 00002000 08:01 121516     /run/youview/jail/applications/air/0/opt/stagecraft-2.0/bin/stagecraft
Size:                  4 kB
Rss:                   4 kB
Pss:                   4 kB
Shared_Clean:          0 kB
Shared_Dirty:          0 kB
Private_Clean:         0 kB
Private_Dirty:         4 kB
Referenced:            4 kB
Swap:                  0 kB
KernelPageSize:        4 kB
MMUPageSize:           4 kB
00413000-00414000 rw-p 00003000 08:01 121516     /run/youview/jail/applications/air/0/opt/stagecraft-2.0/bin/stagecraft
Size:                  4 kB
Rss:                   4 kB
Pss:                   4 kB
Shared_Clean:          0 kB
Shared_Dirty:          0 kB
Private_Clean:         0 kB
Private_Dirty:         4 kB
Referenced:            4 kB
Swap:                  0 kB
KernelPageSize:        4 kB
MMUPageSize:           4 kB
00414000-00eaa000 rwxp 00000000 00:00 0          [heap]
Size:              10840 kB
Rss:               10780 kB
Pss:               10780 kB
Shared_Clean:          0 kB
Shared_Dirty:          0 kB
Private_Clean:         0 kB
Private_Dirty:     10780 kB
Referenced:        10512 kB
Swap:                  0 kB
KernelPageSize:        4 kB
MMUPageSize:           4 kB
2aaa8000-2aaaf000 r-xp 00000000 08:01 72938      /run/youview/jail/applications/air/0/lib/ld-uClibc-0.9.29.so
Size:                 28 kB
Rss:                  28 kB
Pss:                   0 kB
Shared_Clean:         28 kB
Shared_Dirty:          0 kB
Private_Clean:         0 kB
Private_Dirty:         0 kB
Referenced:           28 kB
Swap:                  0 kB
KernelPageSize:        4 kB
MMUPageSize:           4 kB
2aaaf000-2aab1000 rw-p 00000000 00:00 0 
Size:                  8 kB
Rss:                   8 kB
Pss:                   8 kB
Shared_Clean:          0 kB
Shared_Dirty:          0 kB
Private_Clean:         0 kB
Private_Dirty:         8 kB
Referenced:            4 kB
Swap:                  0 kB
KernelPageSize:        4 kB
MMUPageSize:           4 kB
2aab1000-2aab2000 rw-s 00000000 00:08 0          /SYSV0000162e (deleted)
Size:                  4 kB
Rss:                   4 kB
Pss:                   1 kB
Shared_Clean:          0 kB
Shared_Dirty:          4 kB
Private_Clean:         0 kB
Private_Dirty:         0 kB
Referenced:            4 kB
Swap:                  0 kB
KernelPageSize:        4 kB
MMUPageSize:           4 kB
2aab2000-2aab3000 rw-s 00000000 00:08 32769      /SYSV1234ccc0 (deleted)
Size:                  4 kB
Rss:                   0 kB
Pss:                   0 kB
Shared_Clean:          0 kB
Shared_Dirty:          0 kB
Private_Clean:         0 kB
Private_Dirty:         0 kB
Referenced:            0 kB
Swap:                  0 kB
KernelPageSize:        4 kB
MMUPageSize:           4 kB
2aab3000-2aab4000 rw-p 00000000 00:00 0 
Size:                  4 kB
Rss:                   4 kB
Pss:                   4 kB
Shared_Clean:          0 kB
Shared_Dirty:          0 kB
Private_Clean:         0 kB
Private_Dirty:         4 kB
Referenced:            4 kB
Swap:                  0 kB
KernelPageSize:        4 kB
MMUPageSize:           4 kB
2aab9000-2aabd000 rw-p 00000000 00:00 0 
Size:                 16 kB
Rss:                  16 kB
Pss:                  16 kB
Shared_Clean:          0 kB
Shared_Dirty:          0 kB
Private_Clean:         0 kB
Private_Dirty:        16 kB
Referenced:            0 kB
Swap:                  0 kB
KernelPageSize:        4 kB
MMUPageSize:           4 kB
2aabe000-2aabf000 r--p 00006000 08:01 72938      /run/youview/jail/applications/air/0/lib/ld-uClibc-0.9.29.so
Size:                  4 kB
Rss:                   0 kB
Pss:                   0 kB
Shared_Clean:          0 kB
Shared_Dirty:          0 kB
Private_Clean:         0 kB
Private_Dirty:         0 kB
Referenced:            0 kB
Swap:                  0 kB
KernelPageSize:        4 kB
MMUPageSize:           4 kB
2aabf000-2aac0000 rw-p 00007000 08:01 72938      /run/youview/jail/applications/air/0/lib/ld-uClibc-0.9.29.so
Size:                  4 kB
Rss:                   4 kB
Pss:                   4 kB
Shared_Clean:          0 kB
Shared_Dirty:          0 kB
Private_Clean:         0 kB
Private_Dirty:         4 kB
Referenced:            4 kB
Swap:                  0 kB
KernelPageSize:        4 kB
MMUPageSize:           4 kB
2aac0000-2aac2000 r-xp 00000000 08:01 72970      /run/youview/jail/applications/air/0/lib/libdl-0.9.29.so
Size:                  8 kB
Rss:                   8 kB
Pss:                   0 kB
Shared_Clean:          8 kB
Shared_Dirty:          0 kB
Private_Clean:         0 kB
Private_Dirty:         0 kB
Referenced:            8 kB
Swap:                  0 kB
KernelPageSize:        4 kB
MMUPageSize:           4 kB
2aac2000-2aad1000 ---p 00000000 00:00 0 
Size:                 60 kB
Rss:                   0 kB
Pss:                   0 kB
Shared_Clean:          0 kB
Shared_Dirty:          0 kB
Private_Clean:         0 kB
Private_Dirty:         0 kB
Referenced:            0 kB
Swap:                  0 kB
KernelPageSize:        4 kB
MMUPageSize:           4 kB
2aad1000-2aad2000 r--p 00001000 08:01 72970      /run/youview/jail/applications/air/0/lib/libdl-0.9.29.so
Size:                  4 kB
Rss:                   4 kB
Pss:                   4 kB
Shared_Clean:          0 kB
Shared_Dirty:          0 kB
Private_Clean:         0 kB
Private_Dirty:         4 kB
Referenced:            0 kB
Swap:                  0 kB
KernelPageSize:        4 kB
MMUPageSize:           4 kB
2aad2000-2aad3000 rw-p 00002000 08:01 72970      /run/youview/jail/applications/air/0/lib/libdl-0.9.29.so
Size:                  4 kB
Rss:                   4 kB
Pss:                   4 kB
Shared_Clean:          0 kB
Shared_Dirty:          0 kB
Private_Clean:         0 kB
Private_Dirty:         4 kB
Referenced:            0 kB
Swap:                  0 kB
KernelPageSize:        4 kB
MMUPageSize:           4 kB
2aad3000-2ae40000 r-xp 00000000 08:01 16490      /run/youview/jail/applications/air/0/usr/local/lib/libnexus.so
Size:               3508 kB
Rss:                 384 kB
Pss:                  96 kB
Shared_Clean:        384 kB
Shared_Dirty:          0 kB
Private_Clean:         0 kB
Private_Dirty:         0 kB
Referenced:           44 kB
Swap:                  0 kB
KernelPageSize:        4 kB
MMUPageSize:           4 kB
2ae40000-2ae50000 ---p 00000000 00:00 0 
Size:                 64 kB
Rss:                   0 kB
Pss:                   0 kB
Shared_Clean:          0 kB
Shared_Dirty:          0 kB
Private_Clean:         0 kB
Private_Dirty:         0 kB
Referenced:            0 kB
Swap:                  0 kB
KernelPageSize:        4 kB
MMUPageSize:           4 kB
2ae50000-2ae52000 r--p 0036d000 08:01 16490      /run/youview/jail/applications/air/0/usr/local/lib/libnexus.so
Size:                  8 kB
Rss:                   8 kB
Pss:                   8 kB
Shared_Clean:          0 kB
Shared_Dirty:          0 kB
Private_Clean:         0 kB
Private_Dirty:         8 kB
Referenced:            0 kB
Swap:                  0 kB
KernelPageSize:        4 kB
MMUPageSize:           4 kB
2ae52000-2ae55000 rw-p 0036f000 08:01 16490      /run/youview/jail/applications/air/0/usr/local/lib/libnexus.so
Size:                 12 kB
Rss:                  12 kB
Pss:                  12 kB
Shared_Clean:          0 kB
Shared_Dirty:          0 kB
Private_Clean:         0 kB
Private_Dirty:        12 kB
Referenced:           12 kB
Swap:                  0 kB
KernelPageSize:        4 kB
MMUPageSize:           4 kB
2ae55000-2ae5a000 rw-p 00000000 00:00 0 
Size:                 20 kB
Rss:                   8 kB
Pss:                   8 kB
Shared_Clean:          0 kB
Shared_Dirty:          0 kB
Private_Clean:         0 kB
Private_Dirty:         8 kB
Referenced:            4 kB
Swap:                  0 kB
KernelPageSize:        4 kB
MMUPageSize:           4 kB
2ae5a000-2ae5f000 r-xp 00000000 08:01 121511     /run/youview/jail/applications/air/0/opt/stagecraft-2.0/bin/libnexusMgr.so
Size:                 20 kB
Rss:                  16 kB
Pss:                   7 kB
Shared_Clean:         16 kB
Shared_Dirty:          0 kB
Private_Clean:         0 kB
Private_Dirty:         0 kB
Referenced:            0 kB
Swap:                  0 kB
KernelPageSize:        4 kB
MMUPageSize:           4 kB
2ae5f000-2ae6e000 ---p 00000000 00:00 0 
Size:                 60 kB
Rss:                   0 kB
Pss:                   0 kB
Shared_Clean:          0 kB
Shared_Dirty:          0 kB
Private_Clean:         0 kB
Private_Dirty:         0 kB
Referenced:            0 kB
Swap:                  0 kB
KernelPageSize:        4 kB
MMUPageSize:           4 kB
2ae6e000-2ae6f000 r--p 00004000 08:01 121511     /run/youview/jail/applications/air/0/opt/stagecraft-2.0/bin/libnexusMgr.so
Size:                  4 kB
Rss:                   4 kB
Pss:                   1 kB
Shared_Clean:          4 kB
Shared_Dirty:          0 kB
Private_Clean:         0 kB
Private_Dirty:         0 kB
Referenced:            0 kB
Swap:                  0 kB
KernelPageSize:        4 kB
MMUPageSize:           4 kB
2ae6f000-2ae70000 rw-p 00005000 08:01 121511     /run/youview/jail/applications/air/0/opt/stagecraft-2.0/bin/libnexusMgr.so
Size:                  4 kB
Rss:                   4 kB
Pss:                   4 kB
Shared_Clean:          0 kB
Shared_Dirty:          0 kB
Private_Clean:         0 kB
Private_Dirty:         4 kB
Referenced:            0 kB
Swap:                  0 kB
KernelPageSize:        4 kB
MMUPageSize:           4 kB
2ae70000-2af46000 r-xp 00000000 08:01 16511      /run/youview/jail/applications/air/0/usr/local/lib/libdirectfb-1.4.so.15.0.0
Size:                856 kB
Rss:                 436 kB
Pss:                 139 kB
Shared_Clean:        420 kB
Shared_Dirty:          0 kB
Private_Clean:        16 kB
Private_Dirty:         0 kB
Referenced:          100 kB
Swap:                  0 kB
KernelPageSize:        4 kB
MMUPageSize:           4 kB
2af46000-2af55000 ---p 00000000 00:00 0 
Size:                 60 kB
Rss:                   0 kB
Pss:                   0 kB
Shared_Clean:          0 kB
Shared_Dirty:          0 kB
Private_Clean:         0 kB
Private_Dirty:         0 kB
Referenced:            0 kB
Swap:                  0 kB
KernelPageSize:        4 kB
MMUPageSize:           4 kB
2af55000-2af57000 r--p 000d5000 08:01 16511      /run/youview/jail/applications/air/0/usr/local/lib/libdirectfb-1.4.so.15.0.0
Size:                  8 kB
Rss:                   8 kB
Pss:                   8 kB
Shared_Clean:          0 kB
Shared_Dirty:          0 kB
Private_Clean:         0 kB
Private_Dirty:         8 kB
Referenced:            0 kB
Swap:                  0 kB
KernelPageSize:        4 kB
MMUPageSize:           4 kB
2af57000-2af5a000 rw-p 000d7000 08:01 16511      /run/youview/jail/applications/air/0/usr/local/lib/libdirectfb-1.4.so.15.0.0
Size:                 12 kB
Rss:                  12 kB
Pss:                  12 kB
Shared_Clean:          0 kB
Shared_Dirty:          0 kB
Private_Clean:         0 kB
Private_Dirty:        12 kB
Referenced:            8 kB
Swap:                  0 kB
KernelPageSize:        4 kB
MMUPageSize:           4 kB
2af5a000-2af70000 r-xp 00000000 08:01 16531      /run/youview/jail/applications/air/0/usr/local/lib/libdirect-1.4.so.15.0.0
Size:                 88 kB
Rss:                  76 kB
Pss:                  28 kB
Shared_Clean:         64 kB
Shared_Dirty:          0 kB
Private_Clean:        12 kB
Private_Dirty:         0 kB
Referenced:           20 kB
Swap:                  0 kB
KernelPageSize:        4 kB
MMUPageSize:           4 kB
2af70000-2af7f000 ---p 00000000 00:00 0 
Size:                 60 kB
Rss:                   0 kB
Pss:                   0 kB
Shared_Clean:          0 kB
Shared_Dirty:          0 kB
Private_Clean:         0 kB
Private_Dirty:         0 kB
Referenced:            0 kB
Swap:                  0 kB
KernelPageSize:        4 kB
MMUPageSize:           4 kB
2af7f000-2af80000 r--p 00015000 08:01 16531      /run/youview/jail/applications/air/0/usr/local/lib/libdirect-1.4.so.15.0.0
Size:                  4 kB
Rss:                   4 kB
Pss:                   4 kB
Shared_Clean:          0 kB
Shared_Dirty:          0 kB
Private_Clean:         0 kB
Private_Dirty:         4 kB
Referenced:            0 kB
Swap:                  0 kB
KernelPageSize:        4 kB
MMUPageSize:           4 kB
2af80000-2af81000 rw-p 00016000 08:01 16531      /run/youview/jail/applications/air/0/usr/local/lib/libdirect-1.4.so.15.0.0
Size:                  4 kB
Rss:                   4 kB
Pss:                   4 kB
Shared_Clean:          0 kB
Shared_Dirty:          0 kB
Private_Clean:         0 kB
Private_Dirty:         4 kB
Referenced:            4 kB
Swap:                  0 kB
KernelPageSize:        4 kB
MMUPageSize:           4 kB
2af81000-2af98000 r-xp 00000000 08:01 16536      /run/youview/jail/applications/air/0/usr/local/lib/libfusion-1.4.so.15.0.0
Size:                 92 kB
Rss:                  92 kB
Pss:                  22 kB
Shared_Clean:         92 kB
Shared_Dirty:          0 kB
Private_Clean:         0 kB
Private_Dirty:         0 kB
Referenced:           36 kB
Swap:                  0 kB
KernelPageSize:        4 kB
MMUPageSize:           4 kB
2af98000-2afa7000 ---p 00000000 00:00 0 
Size:                 60 kB
Rss:                   0 kB
Pss:                   0 kB
Shared_Clean:          0 kB
Shared_Dirty:          0 kB
Private_Clean:         0 kB
Private_Dirty:         0 kB
Referenced:            0 kB
Swap:                  0 kB
KernelPageSize:        4 kB
MMUPageSize:           4 kB
2afa7000-2afa8000 r--p 00016000 08:01 16536      /run/youview/jail/applications/air/0/usr/local/lib/libfusion-1.4.so.15.0.0
Size:                  4 kB
Rss:                   4 kB
Pss:                   0 kB
Shared_Clean:          4 kB
Shared_Dirty:          0 kB
Private_Clean:         0 kB
Private_Dirty:         0 kB
Referenced:            0 kB
Swap:                  0 kB
KernelPageSize:        4 kB
MMUPageSize:           4 kB
2afa8000-2afa9000 rw-p 00017000 08:01 16536      /run/youview/jail/applications/air/0/usr/local/lib/libfusion-1.4.so.15.0.0
Size:                  4 kB
Rss:                   4 kB
Pss:                   4 kB
Shared_Clean:          0 kB
Shared_Dirty:          0 kB
Private_Clean:         0 kB
Private_Dirty:         4 kB
Referenced:            4 kB
Swap:                  0 kB
KernelPageSize:        4 kB
MMUPageSize:           4 kB
2afa9000-2afb5000 r-xp 00000000 08:01 16435      /run/youview/jail/applications/air/0/usr/local/lib/libinit.so
Size:                 48 kB
Rss:                  48 kB
Pss:                  11 kB
Shared_Clean:         48 kB
Shared_Dirty:          0 kB
Private_Clean:         0 kB
Private_Dirty:         0 kB
Referenced:            0 kB
Swap:                  0 kB
KernelPageSize:        4 kB
MMUPageSize:           4 kB
2afb5000-2afc4000 ---p 00000000 00:00 0 
Size:                 60 kB
Rss:                   0 kB
Pss:                   0 kB
Shared_Clean:          0 kB
Shared_Dirty:          0 kB
Private_Clean:         0 kB
Private_Dirty:         0 kB
Referenced:            0 kB
Swap:                  0 kB
KernelPageSize:        4 kB
MMUPageSize:           4 kB
2afc4000-2afc5000 r--p 0000b000 08:01 16435      /run/youview/jail/applications/air/0/usr/local/lib/libinit.so
Size:                  4 kB
Rss:                   4 kB
Pss:                   0 kB
Shared_Clean:          4 kB
Shared_Dirty:          0 kB
Private_Clean:         0 kB
Private_Dirty:         0 kB
Referenced:            0 kB
Swap:                  0 kB
KernelPageSize:        4 kB
MMUPageSize:           4 kB
2afc5000-2afc6000 rw-p 0000c000 08:01 16435      /run/youview/jail/applications/air/0/usr/local/lib/libinit.so
Size:                  4 kB
Rss:                   4 kB
Pss:                   4 kB
Shared_Clean:          0 kB
Shared_Dirty:          0 kB
Private_Clean:         0 kB
Private_Dirty:         4 kB
Referenced:            0 kB
Swap:                  0 kB
KernelPageSize:        4 kB
MMUPageSize:           4 kB
2afc6000-2afda000 r-xp 00000000 08:01 156992     /run/youview/jail/applications/air/0/opt/zinc-trunk/oss/lib/libz.so.1.2.6
Size:                 80 kB
Rss:                  12 kB
Pss:                   1 kB
Shared_Clean:         12 kB
Shared_Dirty:          0 kB
Private_Clean:         0 kB
Private_Dirty:         0 kB
Referenced:            4 kB
Swap:                  0 kB
KernelPageSize:        4 kB
MMUPageSize:           4 kB
2afda000-2afe9000 ---p 00000000 00:00 0 
Size:                 60 kB
Rss:                   0 kB
Pss:                   0 kB
Shared_Clean:          0 kB
Shared_Dirty:          0 kB
Private_Clean:         0 kB
Private_Dirty:         0 kB
Referenced:            0 kB
Swap:                  0 kB
KernelPageSize:        4 kB
MMUPageSize:           4 kB
2afe9000-2afea000 r--p 00013000 08:01 156992     /run/youview/jail/applications/air/0/opt/zinc-trunk/oss/lib/libz.so.1.2.6
Size:                  4 kB
Rss:                   4 kB
Pss:                   4 kB
Shared_Clean:          0 kB
Shared_Dirty:          0 kB
Private_Clean:         0 kB
Private_Dirty:         4 kB
Referenced:            0 kB
Swap:                  0 kB
KernelPageSize:        4 kB
MMUPageSize:           4 kB
2afea000-2afeb000 rw-p 00014000 08:01 156992     /run/youview/jail/applications/air/0/opt/zinc-trunk/oss/lib/libz.so.1.2.6
Size:                  4 kB
Rss:                   4 kB
Pss:                   4 kB
Shared_Clean:          0 kB
Shared_Dirty:          0 kB
Private_Clean:         0 kB
Private_Dirty:         4 kB
Referenced:            0 kB
Swap:                  0 kB
KernelPageSize:        4 kB
MMUPageSize:           4 kB
2afeb000-2b03a000 r-xp 00000000 08:01 157061     /run/youview/jail/applications/air/0/opt/zinc-trunk/oss/lib/libcurl.so.4.2.0
Size:                316 kB
Rss:                  84 kB
Pss:                  27 kB
Shared_Clean:         84 kB
Shared_Dirty:          0 kB
Private_Clean:         0 kB
Private_Dirty:         0 kB
Referenced:           24 kB
Swap:                  0 kB
KernelPageSize:        4 kB
MMUPageSize:           4 kB
2b03a000-2b04a000 ---p 00000000 00:00 0 
Size:                 64 kB
Rss:                   0 kB
Pss:                   0 kB
Shared_Clean:          0 kB
Shared_Dirty:          0 kB
Private_Clean:         0 kB
Private_Dirty:         0 kB
Referenced:            0 kB
Swap:                  0 kB
KernelPageSize:        4 kB
MMUPageSize:           4 kB
2b04a000-2b04b000 r--p 0004f000 08:01 157061     /run/youview/jail/applications/air/0/opt/zinc-trunk/oss/lib/libcurl.so.4.2.0
Size:                  4 kB
Rss:                   4 kB
Pss:                   4 kB
Shared_Clean:          0 kB
Shared_Dirty:          0 kB
Private_Clean:         0 kB
Private_Dirty:         4 kB
Referenced:            0 kB
Swap:                  0 kB
KernelPageSize:        4 kB
MMUPageSize:           4 kB
2b04b000-2b04c000 rw-p 00050000 08:01 157061     /run/youview/jail/applications/air/0/opt/zinc-trunk/oss/lib/libcurl.so.4.2.0
Size:                  4 kB
Rss:                   4 kB
Pss:                   4 kB
Shared_Clean:          0 kB
Shared_Dirty:          0 kB
Private_Clean:         0 kB
Private_Dirty:         4 kB
Referenced:            4 kB
Swap:                  0 kB
KernelPageSize:        4 kB
MMUPageSize:           4 kB
2b04c000-2b09b000 r-xp 00000000 08:01 156978     /run/youview/jail/applications/air/0/opt/zinc-trunk/oss/lib/libssl.so.1.0.0
Size:                316 kB
Rss:                  88 kB
Pss:                  15 kB
Shared_Clean:         88 kB
Shared_Dirty:          0 kB
Private_Clean:         0 kB
Private_Dirty:         0 kB
Referenced:            0 kB
Swap:                  0 kB
KernelPageSize:        4 kB
MMUPageSize:           4 kB
2b09b000-2b0aa000 ---p 00000000 00:00 0 
Size:                 60 kB
Rss:                   0 kB
Pss:                   0 kB
Shared_Clean:          0 kB
Shared_Dirty:          0 kB
Private_Clean:         0 kB
Private_Dirty:         0 kB
Referenced:            0 kB
Swap:                  0 kB
KernelPageSize:        4 kB
MMUPageSize:           4 kB
2b0aa000-2b0ac000 r--p 0004e000 08:01 156978     /run/youview/jail/applications/air/0/opt/zinc-trunk/oss/lib/libssl.so.1.0.0
Size:                  8 kB
Rss:                   8 kB
Pss:                   8 kB
Shared_Clean:          0 kB
Shared_Dirty:          0 kB
Private_Clean:         0 kB
Private_Dirty:         8 kB
Referenced:            0 kB
Swap:                  0 kB
KernelPageSize:        4 kB
MMUPageSize:           4 kB
2b0ac000-2b0af000 rw-p 00050000 08:01 156978     /run/youview/jail/applications/air/0/opt/zinc-trunk/oss/lib/libssl.so.1.0.0
Size:                 12 kB
Rss:                  12 kB
Pss:                  12 kB
Shared_Clean:          0 kB
Shared_Dirty:          0 kB
Private_Clean:         0 kB
Private_Dirty:        12 kB
Referenced:            0 kB
Swap:                  0 kB
KernelPageSize:        4 kB
MMUPageSize:           4 kB
2b0af000-2b22b000 r-xp 00000000 08:01 156974     /run/youview/jail/applications/air/0/opt/zinc-trunk/oss/lib/libcrypto.so.1.0.0
Size:               1520 kB
Rss:                 480 kB
Pss:                  82 kB
Shared_Clean:        480 kB
Shared_Dirty:          0 kB
Private_Clean:         0 kB
Private_Dirty:         0 kB
Referenced:            0 kB
Swap:                  0 kB
KernelPageSize:        4 kB
MMUPageSize:           4 kB
2b22b000-2b23a000 ---p 00000000 00:00 0 
Size:                 60 kB
Rss:                   0 kB
Pss:                   0 kB
Shared_Clean:          0 kB
Shared_Dirty:          0 kB
Private_Clean:         0 kB
Private_Dirty:         0 kB
Referenced:            0 kB
Swap:                  0 kB
KernelPageSize:        4 kB
MMUPageSize:           4 kB
2b23a000-2b247000 r--p 0017b000 08:01 156974     /run/youview/jail/applications/air/0/opt/zinc-trunk/oss/lib/libcrypto.so.1.0.0
Size:                 52 kB
Rss:                  52 kB
Pss:                  52 kB
Shared_Clean:          0 kB
Shared_Dirty:          0 kB
Private_Clean:         0 kB
Private_Dirty:        52 kB
Referenced:            0 kB
Swap:                  0 kB
KernelPageSize:        4 kB
MMUPageSize:           4 kB
2b247000-2b24f000 rw-p 00188000 08:01 156974     /run/youview/jail/applications/air/0/opt/zinc-trunk/oss/lib/libcrypto.so.1.0.0
Size:                 32 kB
Rss:                  32 kB
Pss:                  32 kB
Shared_Clean:          0 kB
Shared_Dirty:          0 kB
Private_Clean:         0 kB
Private_Dirty:        32 kB
Referenced:            0 kB
Swap:                  0 kB
KernelPageSize:        4 kB
MMUPageSize:           4 kB
2b24f000-2b252000 rw-p 00000000 00:00 0 
Size:                 12 kB
Rss:                   8 kB
Pss:                   8 kB
Shared_Clean:          0 kB
Shared_Dirty:          0 kB
Private_Clean:         0 kB
Private_Dirty:         8 kB
Referenced:            8 kB
Swap:                  0 kB
KernelPageSize:        4 kB
MMUPageSize:           4 kB
2b252000-2b39e000 r-xp 00000000 08:01 72961      /run/youview/jail/applications/air/0/lib/libstdc++.so.6.0.13
Size:               1328 kB
Rss:                 880 kB
Pss:                  59 kB
Shared_Clean:        880 kB
Shared_Dirty:          0 kB
Private_Clean:         0 kB
Private_Dirty:         0 kB
Referenced:          812 kB
Swap:                  0 kB
KernelPageSize:        4 kB
MMUPageSize:           4 kB
2b39e000-2b3ad000 ---p 00000000 00:00 0 
Size:                 60 kB
Rss:                   0 kB
Pss:                   0 kB
Shared_Clean:          0 kB
Shared_Dirty:          0 kB
Private_Clean:         0 kB
Private_Dirty:         0 kB
Referenced:            0 kB
Swap:                  0 kB
KernelPageSize:        4 kB
MMUPageSize:           4 kB
2b3ad000-2b3cf000 r--p 0014b000 08:01 72961      /run/youview/jail/applications/air/0/lib/libstdc++.so.6.0.13
Size:                136 kB
Rss:                 132 kB
Pss:                  46 kB
Shared_Clean:         96 kB
Shared_Dirty:          0 kB
Private_Clean:         0 kB
Private_Dirty:        36 kB
Referenced:           40 kB
Swap:                  0 kB
KernelPageSize:        4 kB
MMUPageSize:           4 kB
2b3cf000-2b3d3000 rw-p 0016d000 08:01 72961      /run/youview/jail/applications/air/0/lib/libstdc++.so.6.0.13
Size:                 16 kB
Rss:                  16 kB
Pss:                  16 kB
Shared_Clean:          0 kB
Shared_Dirty:          0 kB
Private_Clean:         0 kB
Private_Dirty:        16 kB
Referenced:           16 kB
Swap:                  0 kB
KernelPageSize:        4 kB
MMUPageSize:           4 kB
2b3d3000-2b3d9000 rw-p 00000000 00:00 0 
Size:                 24 kB
Rss:                   8 kB
Pss:                   8 kB
Shared_Clean:          0 kB
Shared_Dirty:          0 kB
Private_Clean:         0 kB
Private_Dirty:         8 kB
Referenced:            4 kB
Swap:                  0 kB
KernelPageSize:        4 kB
MMUPageSize:           4 kB
2b3d9000-2b3e6000 r-xp 00000000 08:01 72953      /run/youview/jail/applications/air/0/lib/libm-0.9.29.so
Size:                 52 kB
Rss:                  44 kB
Pss:                  12 kB
Shared_Clean:         40 kB
Shared_Dirty:          0 kB
Private_Clean:         4 kB
Private_Dirty:         0 kB
Referenced:           36 kB
Swap:                  0 kB
KernelPageSize:        4 kB
MMUPageSize:           4 kB
2b3e6000-2b3f5000 ---p 00000000 00:00 0 
Size:                 60 kB
Rss:                   0 kB
Pss:                   0 kB
Shared_Clean:          0 kB
Shared_Dirty:          0 kB
Private_Clean:         0 kB
Private_Dirty:         0 kB
Referenced:            0 kB
Swap:                  0 kB
KernelPageSize:        4 kB
MMUPageSize:           4 kB
2b3f5000-2b3f6000 rw-p 0000c000 08:01 72953      /run/youview/jail/applications/air/0/lib/libm-0.9.29.so
Size:                  4 kB
Rss:                   4 kB
Pss:                   4 kB
Shared_Clean:          0 kB
Shared_Dirty:          0 kB
Private_Clean:         0 kB
Private_Dirty:         4 kB
Referenced:            4 kB
Swap:                  0 kB
KernelPageSize:        4 kB
MMUPageSize:           4 kB
2b3f6000-2b420000 r-xp 00000000 08:01 72987      /run/youview/jail/applications/air/0/lib/libgcc_s.so.1
Size:                168 kB
Rss:                 100 kB
Pss:                  10 kB
Shared_Clean:         96 kB
Shared_Dirty:          0 kB
Private_Clean:         4 kB
Private_Dirty:         0 kB
Referenced:          100 kB
Swap:                  0 kB
KernelPageSize:        4 kB
MMUPageSize:           4 kB
2b420000-2b430000 ---p 00000000 00:00 0 
Size:                 64 kB
Rss:                   0 kB
Pss:                   0 kB
Shared_Clean:          0 kB
Shared_Dirty:          0 kB
Private_Clean:         0 kB
Private_Dirty:         0 kB
Referenced:            0 kB
Swap:                  0 kB
KernelPageSize:        4 kB
MMUPageSize:           4 kB
2b430000-2b431000 r--p 0002a000 08:01 72987      /run/youview/jail/applications/air/0/lib/libgcc_s.so.1
Size:                  4 kB
Rss:                   4 kB
Pss:                   0 kB
Shared_Clean:          4 kB
Shared_Dirty:          0 kB
Private_Clean:         0 kB
Private_Dirty:         0 kB
Referenced:            4 kB
Swap:                  0 kB
KernelPageSize:        4 kB
MMUPageSize:           4 kB
2b431000-2b432000 rw-p 0002b000 08:01 72987      /run/youview/jail/applications/air/0/lib/libgcc_s.so.1
Size:                  4 kB
Rss:                   4 kB
Pss:                   4 kB
Shared_Clean:          0 kB
Shared_Dirty:          0 kB
Private_Clean:         0 kB
Private_Dirty:         4 kB
Referenced:            4 kB
Swap:                  0 kB
KernelPageSize:        4 kB
MMUPageSize:           4 kB
2b432000-2b442000 r-xp 00000000 08:01 72990      /run/youview/jail/applications/air/0/lib/libpthread-0.9.29.so
Size:                 64 kB
Rss:                  64 kB
Pss:                   3 kB
Shared_Clean:         64 kB
Shared_Dirty:          0 kB
Private_Clean:         0 kB
Private_Dirty:         0 kB
Referenced:           60 kB
Swap:                  0 kB
KernelPageSize:        4 kB
MMUPageSize:           4 kB
2b442000-2b451000 ---p 00000000 00:00 0 
Size:                 60 kB
Rss:                   0 kB
Pss:                   0 kB
Shared_Clean:          0 kB
Shared_Dirty:          0 kB
Private_Clean:         0 kB
Private_Dirty:         0 kB
Referenced:            0 kB
Swap:                  0 kB
KernelPageSize:        4 kB
MMUPageSize:           4 kB
2b451000-2b452000 r--p 0000f000 08:01 72990      /run/youview/jail/applications/air/0/lib/libpthread-0.9.29.so
Size:                  4 kB
Rss:                   4 kB
Pss:                   4 kB
Shared_Clean:          0 kB
Shared_Dirty:          0 kB
Private_Clean:         0 kB
Private_Dirty:         4 kB
Referenced:            0 kB
Swap:                  0 kB
KernelPageSize:        4 kB
MMUPageSize:           4 kB
2b452000-2b453000 rw-p 00010000 08:01 72990      /run/youview/jail/applications/air/0/lib/libpthread-0.9.29.so
Size:                  4 kB
Rss:                   4 kB
Pss:                   4 kB
Shared_Clean:          0 kB
Shared_Dirty:          0 kB
Private_Clean:         0 kB
Private_Dirty:         4 kB
Referenced:            4 kB
Swap:                  0 kB
KernelPageSize:        4 kB
MMUPageSize:           4 kB
2b453000-2b455000 rw-p 00000000 00:00 0 
Size:                  8 kB
Rss:                   4 kB
Pss:                   4 kB
Shared_Clean:          0 kB
Shared_Dirty:          0 kB
Private_Clean:         0 kB
Private_Dirty:         4 kB
Referenced:            0 kB
Swap:                  0 kB
KernelPageSize:        4 kB
MMUPageSize:           4 kB
2b455000-2b4f1000 r-xp 00000000 08:01 72947      /run/youview/jail/applications/air/0/lib/libuClibc-0.9.29.so
Size:                624 kB
Rss:                 264 kB
Pss:                  10 kB
Shared_Clean:        264 kB
Shared_Dirty:          0 kB
Private_Clean:         0 kB
Private_Dirty:         0 kB
Referenced:          260 kB
Swap:                  0 kB
KernelPageSize:        4 kB
MMUPageSize:           4 kB
2b4f1000-2b501000 ---p 00000000 00:00 0 
Size:                 64 kB
Rss:                   0 kB
Pss:                   0 kB
Shared_Clean:          0 kB
Shared_Dirty:          0 kB
Private_Clean:         0 kB
Private_Dirty:         0 kB
Referenced:            0 kB
Swap:                  0 kB
KernelPageSize:        4 kB
MMUPageSize:           4 kB
2b501000-2b502000 r--p 0009c000 08:01 72947      /run/youview/jail/applications/air/0/lib/libuClibc-0.9.29.so
Size:                  4 kB
Rss:                   4 kB
Pss:                   4 kB
Shared_Clean:          0 kB
Shared_Dirty:          0 kB
Private_Clean:         0 kB
Private_Dirty:         4 kB
Referenced:            0 kB
Swap:                  0 kB
KernelPageSize:        4 kB
MMUPageSize:           4 kB
2b502000-2b503000 rw-p 0009d000 08:01 72947      /run/youview/jail/applications/air/0/lib/libuClibc-0.9.29.so
Size:                  4 kB
Rss:                   4 kB
Pss:                   4 kB
Shared_Clean:          0 kB
Shared_Dirty:          0 kB
Private_Clean:         0 kB
Private_Dirty:         4 kB
Referenced:            4 kB
Swap:                  0 kB
KernelPageSize:        4 kB
MMUPageSize:           4 kB
2b503000-2b509000 rw-p 00000000 00:00 0 
Size:                 24 kB
Rss:                  16 kB
Pss:                  16 kB
Shared_Clean:          0 kB
Shared_Dirty:          0 kB
Private_Clean:         0 kB
Private_Dirty:        16 kB
Referenced:           16 kB
Swap:                  0 kB
KernelPageSize:        4 kB
MMUPageSize:           4 kB
2b509000-2b50c000 r-xp 00000000 08:01 72945      /run/youview/jail/applications/air/0/lib/librt-0.9.29.so
Size:                 12 kB
Rss:                   4 kB
Pss:                   0 kB
Shared_Clean:          4 kB
Shared_Dirty:          0 kB
Private_Clean:         0 kB
Private_Dirty:         0 kB
Referenced:            4 kB
Swap:                  0 kB
KernelPageSize:        4 kB
MMUPageSize:           4 kB
2b50c000-2b51b000 ---p 00000000 00:00 0 
Size:                 60 kB
Rss:                   0 kB
Pss:                   0 kB
Shared_Clean:          0 kB
Shared_Dirty:          0 kB
Private_Clean:         0 kB
Private_Dirty:         0 kB
Referenced:            0 kB
Swap:                  0 kB
KernelPageSize:        4 kB
MMUPageSize:           4 kB
2b51b000-2b51c000 r--p 00002000 08:01 72945      /run/youview/jail/applications/air/0/lib/librt-0.9.29.so
Size:                  4 kB
Rss:                   0 kB
Pss:                   0 kB
Shared_Clean:          0 kB
Shared_Dirty:          0 kB
Private_Clean:         0 kB
Private_Dirty:         0 kB
Referenced:            0 kB
Swap:                  0 kB
KernelPageSize:        4 kB
MMUPageSize:           4 kB
2b51c000-2b51d000 rw-p 00003000 08:01 72945      /run/youview/jail/applications/air/0/lib/librt-0.9.29.so
Size:                  4 kB
Rss:                   4 kB
Pss:                   4 kB
Shared_Clean:          0 kB
Shared_Dirty:          0 kB
Private_Clean:         0 kB
Private_Dirty:         4 kB
Referenced:            0 kB
Swap:                  0 kB
KernelPageSize:        4 kB
MMUPageSize:           4 kB
2b526000-2b540000 r-xp 00000000 08:01 121519     /run/youview/jail/applications/air/0/opt/stagecraft-2.0/bin/libIAEKernel.so
Size:                104 kB
Rss:                  96 kB
Pss:                  96 kB
Shared_Clean:          0 kB
Shared_Dirty:          0 kB
Private_Clean:        96 kB
Private_Dirty:         0 kB
Referenced:           48 kB
Swap:                  0 kB
KernelPageSize:        4 kB
MMUPageSize:           4 kB
2b540000-2b550000 ---p 00000000 00:00 0 
Size:                 64 kB
Rss:                   0 kB
Pss:                   0 kB
Shared_Clean:          0 kB
Shared_Dirty:          0 kB
Private_Clean:         0 kB
Private_Dirty:         0 kB
Referenced:            0 kB
Swap:                  0 kB
KernelPageSize:        4 kB
MMUPageSize:           4 kB
2b550000-2b551000 r--p 0001a000 08:01 121519     /run/youview/jail/applications/air/0/opt/stagecraft-2.0/bin/libIAEKernel.so
Size:                  4 kB
Rss:                   4 kB
Pss:                   4 kB
Shared_Clean:          0 kB
Shared_Dirty:          0 kB
Private_Clean:         0 kB
Private_Dirty:         4 kB
Referenced:            4 kB
Swap:                  0 kB
KernelPageSize:        4 kB
MMUPageSize:           4 kB
2b551000-2b552000 rw-p 0001b000 08:01 121519     /run/youview/jail/applications/air/0/opt/stagecraft-2.0/bin/libIAEKernel.so
Size:                  4 kB
Rss:                   4 kB
Pss:                   4 kB
Shared_Clean:          0 kB
Shared_Dirty:          0 kB
Private_Clean:         0 kB
Private_Dirty:         4 kB
Referenced:            4 kB
Swap:                  0 kB
KernelPageSize:        4 kB
MMUPageSize:           4 kB
2b552000-2b553000 rw-p 00000000 00:00 0 
Size:                  4 kB
Rss:                   4 kB
Pss:                   4 kB
Shared_Clean:          0 kB
Shared_Dirty:          0 kB
Private_Clean:         0 kB
Private_Dirty:         4 kB
Referenced:            0 kB
Swap:                  0 kB
KernelPageSize:        4 kB
MMUPageSize:           4 kB
2b553000-2b56a000 r-xp 00000000 08:01 121490     /run/youview/jail/applications/air/0/opt/stagecraft-2.0/bin/libIStagecraft.so
Size:                 92 kB
Rss:                  92 kB
Pss:                  92 kB
Shared_Clean:          0 kB
Shared_Dirty:          0 kB
Private_Clean:        92 kB
Private_Dirty:         0 kB
Referenced:           48 kB
Swap:                  0 kB
KernelPageSize:        4 kB
MMUPageSize:           4 kB
2b56a000-2b579000 ---p 00000000 00:00 0 
Size:                 60 kB
Rss:                   0 kB
Pss:                   0 kB
Shared_Clean:          0 kB
Shared_Dirty:          0 kB
Private_Clean:         0 kB
Private_Dirty:         0 kB
Referenced:            0 kB
Swap:                  0 kB
KernelPageSize:        4 kB
MMUPageSize:           4 kB
2b579000-2b57a000 r--p 00016000 08:01 121490     /run/youview/jail/applications/air/0/opt/stagecraft-2.0/bin/libIStagecraft.so
Size:                  4 kB
Rss:                   4 kB
Pss:                   4 kB
Shared_Clean:          0 kB
Shared_Dirty:          0 kB
Private_Clean:         0 kB
Private_Dirty:         4 kB
Referenced:            4 kB
Swap:                  0 kB
KernelPageSize:        4 kB
MMUPageSize:           4 kB
2b57a000-2b57b000 rw-p 00017000 08:01 121490     /run/youview/jail/applications/air/0/opt/stagecraft-2.0/bin/libIStagecraft.so
Size:                  4 kB
Rss:                   4 kB
Pss:                   4 kB
Shared_Clean:          0 kB
Shared_Dirty:          0 kB
Private_Clean:         0 kB
Private_Dirty:         4 kB
Referenced:            4 kB
Swap:                  0 kB
KernelPageSize:        4 kB
MMUPageSize:           4 kB
2b57b000-2b594000 r-xp 00000000 08:01 121506     /run/youview/jail/applications/air/0/opt/stagecraft-2.0/bin/libIFileSystem.so
Size:                100 kB
Rss:                 100 kB
Pss:                 100 kB
Shared_Clean:          0 kB
Shared_Dirty:          0 kB
Private_Clean:       100 kB
Private_Dirty:         0 kB
Referenced:           76 kB
Swap:                  0 kB
KernelPageSize:        4 kB
MMUPageSize:           4 kB
2b594000-2b5a3000 ---p 00000000 00:00 0 
Size:                 60 kB
Rss:                   0 kB
Pss:                   0 kB
Shared_Clean:          0 kB
Shared_Dirty:          0 kB
Private_Clean:         0 kB
Private_Dirty:         0 kB
Referenced:            0 kB
Swap:                  0 kB
KernelPageSize:        4 kB
MMUPageSize:           4 kB
2b5a3000-2b5a4000 r--p 00018000 08:01 121506     /run/youview/jail/applications/air/0/opt/stagecraft-2.0/bin/libIFileSystem.so
Size:                  4 kB
Rss:                   4 kB
Pss:                   4 kB
Shared_Clean:          0 kB
Shared_Dirty:          0 kB
Private_Clean:         0 kB
Private_Dirty:         4 kB
Referenced:            4 kB
Swap:                  0 kB
KernelPageSize:        4 kB
MMUPageSize:           4 kB
2b5a4000-2b5a5000 rw-p 00019000 08:01 121506     /run/youview/jail/applications/air/0/opt/stagecraft-2.0/bin/libIFileSystem.so
Size:                  4 kB
Rss:                   4 kB
Pss:                   4 kB
Shared_Clean:          0 kB
Shared_Dirty:          0 kB
Private_Clean:         0 kB
Private_Dirty:         4 kB
Referenced:            4 kB
Swap:                  0 kB
KernelPageSize:        4 kB
MMUPageSize:           4 kB
2b5a5000-2b5af000 r-xp 00000000 08:01 121508     /run/youview/jail/applications/air/0/opt/stagecraft-2.0/bin/libIURLOps.so
Size:                 40 kB
Rss:                  32 kB
Pss:                  32 kB
Shared_Clean:          0 kB
Shared_Dirty:          0 kB
Private_Clean:        32 kB
Private_Dirty:         0 kB
Referenced:           28 kB
Swap:                  0 kB
KernelPageSize:        4 kB
MMUPageSize:           4 kB
2b5af000-2b5be000 ---p 00000000 00:00 0 
Size:                 60 kB
Rss:                   0 kB
Pss:                   0 kB
Shared_Clean:          0 kB
Shared_Dirty:          0 kB
Private_Clean:         0 kB
Private_Dirty:         0 kB
Referenced:            0 kB
Swap:                  0 kB
KernelPageSize:        4 kB
MMUPageSize:           4 kB
2b5be000-2b5bf000 r--p 00009000 08:01 121508     /run/youview/jail/applications/air/0/opt/stagecraft-2.0/bin/libIURLOps.so
Size:                  4 kB
Rss:                   4 kB
Pss:                   4 kB
Shared_Clean:          0 kB
Shared_Dirty:          0 kB
Private_Clean:         0 kB
Private_Dirty:         4 kB
Referenced:            4 kB
Swap:                  0 kB
KernelPageSize:        4 kB
MMUPageSize:           4 kB
2b5bf000-2b5c0000 rw-p 0000a000 08:01 121508     /run/youview/jail/applications/air/0/opt/stagecraft-2.0/bin/libIURLOps.so
Size:                  4 kB
Rss:                   4 kB
Pss:                   4 kB
Shared_Clean:          0 kB
Shared_Dirty:          0 kB
Private_Clean:         0 kB
Private_Dirty:         4 kB
Referenced:            4 kB
Swap:                  0 kB
KernelPageSize:        4 kB
MMUPageSize:           4 kB
2b5c0000-2b5c2000 r-xp 00000000 08:01 121491     /run/youview/jail/applications/air/0/opt/stagecraft-2.0/bin/libIPlatformDriver.so
Size:                  8 kB
Rss:                   8 kB
Pss:                   8 kB
Shared_Clean:          0 kB
Shared_Dirty:          0 kB
Private_Clean:         8 kB
Private_Dirty:         0 kB
Referenced:            0 kB
Swap:                  0 kB
KernelPageSize:        4 kB
MMUPageSize:           4 kB
2b5c2000-2b5d1000 ---p 00000000 00:00 0 
Size:                 60 kB
Rss:                   0 kB
Pss:                   0 kB
Shared_Clean:          0 kB
Shared_Dirty:          0 kB
Private_Clean:         0 kB
Private_Dirty:         0 kB
Referenced:            0 kB
Swap:                  0 kB
KernelPageSize:        4 kB
MMUPageSize:           4 kB
2b5d1000-2b5d2000 r--p 00001000 08:01 121491     /run/youview/jail/applications/air/0/opt/stagecraft-2.0/bin/libIPlatformDriver.so
Size:                  4 kB
Rss:                   4 kB
Pss:                   4 kB
Shared_Clean:          0 kB
Shared_Dirty:          0 kB
Private_Clean:         0 kB
Private_Dirty:         4 kB
Referenced:            0 kB
Swap:                  0 kB
KernelPageSize:        4 kB
MMUPageSize:           4 kB
2b5d2000-2b5d3000 rw-p 00002000 08:01 121491     /run/youview/jail/applications/air/0/opt/stagecraft-2.0/bin/libIPlatformDriver.so
Size:                  4 kB
Rss:                   4 kB
Pss:                   4 kB
Shared_Clean:          0 kB
Shared_Dirty:          0 kB
Private_Clean:         0 kB
Private_Dirty:         4 kB
Referenced:            0 kB
Swap:                  0 kB
KernelPageSize:        4 kB
MMUPageSize:           4 kB
2b5d3000-375d3000 rw-s 04000000 00:0f 135        /run/youview/jail/applications/air/0/dev/nexus_platform
Size:             196608 kB
Rss:              196608 kB
Pss:                   0 kB
Shared_Clean:          0 kB
Shared_Dirty:          0 kB
Private_Clean:         0 kB
Private_Dirty:         0 kB
Referenced:            0 kB
Swap:                  0 kB
KernelPageSize:        4 kB
MMUPageSize:           4 kB
375d3000-391d3000 rw-s 60000000 00:0f 135        /run/youview/jail/applications/air/0/dev/nexus_platform
Size:              28672 kB
Rss:               28672 kB
Pss:                   0 kB
Shared_Clean:          0 kB
Shared_Dirty:          0 kB
Private_Clean:         0 kB
Private_Dirty:         0 kB
Referenced:            0 kB
Swap:                  0 kB
KernelPageSize:        4 kB
MMUPageSize:           4 kB
391d3000-3f5d3000 rw-s 61c00000 00:0f 135        /run/youview/jail/applications/air/0/dev/nexus_platform
Size:             102400 kB
Rss:              102400 kB
Pss:                   0 kB
Shared_Clean:          0 kB
Shared_Dirty:          0 kB
Private_Clean:         0 kB
Private_Dirty:         0 kB
Referenced:            0 kB
Swap:                  0 kB
KernelPageSize:        4 kB
MMUPageSize:           4 kB
3f5d3000-3f5d4000 ---p 00000000 00:00 0 
Size:                  4 kB
Rss:                   0 kB
Pss:                   0 kB
Shared_Clean:          0 kB
Shared_Dirty:          0 kB
Private_Clean:         0 kB
Private_Dirty:         0 kB
Referenced:            0 kB
Swap:                  0 kB
KernelPageSize:        4 kB
MMUPageSize:           4 kB
3f5d4000-3f5e3000 rw-p 00000000 00:00 0 
Size:                 60 kB
Rss:                   8 kB
Pss:                   8 kB
Shared_Clean:          0 kB
Shared_Dirty:          0 kB
Private_Clean:         0 kB
Private_Dirty:         8 kB
Referenced:            8 kB
Swap:                  0 kB
KernelPageSize:        4 kB
MMUPageSize:           4 kB
3f5e3000-3f5e4000 ---p 00000000 00:00 0 
Size:                  4 kB
Rss:                   0 kB
Pss:                   0 kB
Shared_Clean:          0 kB
Shared_Dirty:          0 kB
Private_Clean:         0 kB
Private_Dirty:         0 kB
Referenced:            0 kB
Swap:                  0 kB
KernelPageSize:        4 kB
MMUPageSize:           4 kB
3f5e4000-3f5f3000 rw-p 00000000 00:00 0 
Size:                 60 kB
Rss:                   8 kB
Pss:                   8 kB
Shared_Clean:          0 kB
Shared_Dirty:          0 kB
Private_Clean:         0 kB
Private_Dirty:         8 kB
Referenced:            8 kB
Swap:                  0 kB
KernelPageSize:        4 kB
MMUPageSize:           4 kB
3f5f3000-3f5f4000 ---p 00000000 00:00 0 
Size:                  4 kB
Rss:                   0 kB
Pss:                   0 kB
Shared_Clean:          0 kB
Shared_Dirty:          0 kB
Private_Clean:         0 kB
Private_Dirty:         0 kB
Referenced:            0 kB
Swap:                  0 kB
KernelPageSize:        4 kB
MMUPageSize:           4 kB
3f5f4000-3f603000 rw-p 00000000 00:00 0 
Size:                 60 kB
Rss:                   8 kB
Pss:                   8 kB
Shared_Clean:          0 kB
Shared_Dirty:          0 kB
Private_Clean:         0 kB
Private_Dirty:         8 kB
Referenced:            8 kB
Swap:                  0 kB
KernelPageSize:        4 kB
MMUPageSize:           4 kB
3f603000-3f612000 r-xp 00000000 08:01 16454      /run/youview/jail/applications/air/0/usr/local/lib/directfb-1.4-15-pure/systems/libdirectfb_bcmnexus_sys.so
Size:                 60 kB
Rss:                  36 kB
Pss:                  10 kB
Shared_Clean:         36 kB
Shared_Dirty:          0 kB
Private_Clean:         0 kB
Private_Dirty:         0 kB
Referenced:            4 kB
Swap:                  0 kB
KernelPageSize:        4 kB
MMUPageSize:           4 kB
3f612000-3f621000 ---p 00000000 00:00 0 
Size:                 60 kB
Rss:                   0 kB
Pss:                   0 kB
Shared_Clean:          0 kB
Shared_Dirty:          0 kB
Private_Clean:         0 kB
Private_Dirty:         0 kB
Referenced:            0 kB
Swap:                  0 kB
KernelPageSize:        4 kB
MMUPageSize:           4 kB
3f621000-3f622000 r--p 0000e000 08:01 16454      /run/youview/jail/applications/air/0/usr/local/lib/directfb-1.4-15-pure/systems/libdirectfb_bcmnexus_sys.so
Size:                  4 kB
Rss:                   4 kB
Pss:                   4 kB
Shared_Clean:          0 kB
Shared_Dirty:          0 kB
Private_Clean:         0 kB
Private_Dirty:         4 kB
Referenced:            4 kB
Swap:                  0 kB
KernelPageSize:        4 kB
MMUPageSize:           4 kB
3f622000-3f623000 rw-p 0000f000 08:01 16454      /run/youview/jail/applications/air/0/usr/local/lib/directfb-1.4-15-pure/systems/libdirectfb_bcmnexus_sys.so
Size:                  4 kB
Rss:                   4 kB
Pss:                   4 kB
Shared_Clean:          0 kB
Shared_Dirty:          0 kB
Private_Clean:         0 kB
Private_Dirty:         4 kB
Referenced:            4 kB
Swap:                  0 kB
KernelPageSize:        4 kB
MMUPageSize:           4 kB
3f623000-3f625000 r-xp 00000000 08:01 16452      /run/youview/jail/applications/air/0/usr/local/lib/directfb-1.4-15-pure/utils/libdirectfb_bcmnexus_utils-1.4.so.15.0.0
Size:                  8 kB
Rss:                   8 kB
Pss:                   1 kB
Shared_Clean:          8 kB
Shared_Dirty:          0 kB
Private_Clean:         0 kB
Private_Dirty:         0 kB
Referenced:            4 kB
Swap:                  0 kB
KernelPageSize:        4 kB
MMUPageSize:           4 kB
3f625000-3f634000 ---p 00000000 00:00 0 
Size:                 60 kB
Rss:                   0 kB
Pss:                   0 kB
Shared_Clean:          0 kB
Shared_Dirty:          0 kB
Private_Clean:         0 kB
Private_Dirty:         0 kB
Referenced:            0 kB
Swap:                  0 kB
KernelPageSize:        4 kB
MMUPageSize:           4 kB
3f634000-3f635000 r--p 00001000 08:01 16452      /run/youview/jail/applications/air/0/usr/local/lib/directfb-1.4-15-pure/utils/libdirectfb_bcmnexus_utils-1.4.so.15.0.0
Size:                  4 kB
Rss:                   4 kB
Pss:                   0 kB
Shared_Clean:          4 kB
Shared_Dirty:          0 kB
Private_Clean:         0 kB
Private_Dirty:         0 kB
Referenced:            0 kB
Swap:                  0 kB
KernelPageSize:        4 kB
MMUPageSize:           4 kB
3f635000-3f636000 rw-p 00002000 08:01 16452      /run/youview/jail/applications/air/0/usr/local/lib/directfb-1.4-15-pure/utils/libdirectfb_bcmnexus_utils-1.4.so.15.0.0
Size:                  4 kB
Rss:                   4 kB
Pss:                   4 kB
Shared_Clean:          0 kB
Shared_Dirty:          0 kB
Private_Clean:         0 kB
Private_Dirty:         4 kB
Referenced:            0 kB
Swap:                  0 kB
KernelPageSize:        4 kB
MMUPageSize:           4 kB
3f636000-3f637000 ---p 00000000 00:00 0 
Size:                  4 kB
Rss:                   0 kB
Pss:                   0 kB
Shared_Clean:          0 kB
Shared_Dirty:          0 kB
Private_Clean:         0 kB
Private_Dirty:         0 kB
Referenced:            0 kB
Swap:                  0 kB
KernelPageSize:        4 kB
MMUPageSize:           4 kB
3f637000-3fe36000 rw-p 00000000 00:00 0 
Size:               8188 kB
Rss:                  12 kB
Pss:                  12 kB
Shared_Clean:          0 kB
Shared_Dirty:          0 kB
Private_Clean:         0 kB
Private_Dirty:        12 kB
Referenced:           12 kB
Swap:                  0 kB
KernelPageSize:        4 kB
MMUPageSize:           4 kB
3fe36000-3fe3f000 r-xp 00000000 08:01 16448      /run/youview/jail/applications/air/0/usr/local/lib/directfb-1.4-15-pure/gfxdrivers/libdirectfb_bcmnexus_gfx.so
Size:                 36 kB
Rss:                  16 kB
Pss:                   5 kB
Shared_Clean:         16 kB
Shared_Dirty:          0 kB
Private_Clean:         0 kB
Private_Dirty:         0 kB
Referenced:            0 kB
Swap:                  0 kB
KernelPageSize:        4 kB
MMUPageSize:           4 kB
3fe3f000-3fe4e000 ---p 00000000 00:00 0 
Size:                 60 kB
Rss:                   0 kB
Pss:                   0 kB
Shared_Clean:          0 kB
Shared_Dirty:          0 kB
Private_Clean:         0 kB
Private_Dirty:         0 kB
Referenced:            0 kB
Swap:                  0 kB
KernelPageSize:        4 kB
MMUPageSize:           4 kB
3fe4e000-3fe4f000 r--p 00008000 08:01 16448      /run/youview/jail/applications/air/0/usr/local/lib/directfb-1.4-15-pure/gfxdrivers/libdirectfb_bcmnexus_gfx.so
Size:                  4 kB
Rss:                   4 kB
Pss:                   4 kB
Shared_Clean:          0 kB
Shared_Dirty:          0 kB
Private_Clean:         0 kB
Private_Dirty:         4 kB
Referenced:            0 kB
Swap:                  0 kB
KernelPageSize:        4 kB
MMUPageSize:           4 kB
3fe4f000-3fe50000 rw-p 00009000 08:01 16448      /run/youview/jail/applications/air/0/usr/local/lib/directfb-1.4-15-pure/gfxdrivers/libdirectfb_bcmnexus_gfx.so
Size:                  4 kB
Rss:                   4 kB
Pss:                   4 kB
Shared_Clean:          0 kB
Shared_Dirty:          0 kB
Private_Clean:         0 kB
Private_Dirty:         4 kB
Referenced:            4 kB
Swap:                  0 kB
KernelPageSize:        4 kB
MMUPageSize:           4 kB
3fe50000-3fe5b000 r-xp 00000000 08:01 16446      /run/youview/jail/applications/air/0/usr/local/lib/directfb-1.4-15-pure/wm/libdirectfbwm_sawman.so
Size:                 44 kB
Rss:                  20 kB
Pss:                   5 kB
Shared_Clean:         20 kB
Shared_Dirty:          0 kB
Private_Clean:         0 kB
Private_Dirty:         0 kB
Referenced:            0 kB
Swap:                  0 kB
KernelPageSize:        4 kB
MMUPageSize:           4 kB
3fe5b000-3fe6a000 ---p 00000000 00:00 0 
Size:                 60 kB
Rss:                   0 kB
Pss:                   0 kB
Shared_Clean:          0 kB
Shared_Dirty:          0 kB
Private_Clean:         0 kB
Private_Dirty:         0 kB
Referenced:            0 kB
Swap:                  0 kB
KernelPageSize:        4 kB
MMUPageSize:           4 kB
3fe6a000-3fe6b000 r--p 0000a000 08:01 16446      /run/youview/jail/applications/air/0/usr/local/lib/directfb-1.4-15-pure/wm/libdirectfbwm_sawman.so
Size:                  4 kB
Rss:                   4 kB
Pss:                   4 kB
Shared_Clean:          0 kB
Shared_Dirty:          0 kB
Private_Clean:         0 kB
Private_Dirty:         4 kB
Referenced:            0 kB
Swap:                  0 kB
KernelPageSize:        4 kB
MMUPageSize:           4 kB
3fe6b000-3fe6c000 rw-p 0000b000 08:01 16446      /run/youview/jail/applications/air/0/usr/local/lib/directfb-1.4-15-pure/wm/libdirectfbwm_sawman.so
Size:                  4 kB
Rss:                   4 kB
Pss:                   4 kB
Shared_Clean:          0 kB
Shared_Dirty:          0 kB
Private_Clean:         0 kB
Private_Dirty:         4 kB
Referenced:            4 kB
Swap:                  0 kB
KernelPageSize:        4 kB
MMUPageSize:           4 kB
3fe6c000-3fe84000 r-xp 00000000 08:01 16419      /run/youview/jail/applications/air/0/usr/local/lib/libsawman-1.5.so.0.0.4
Size:                 96 kB
Rss:                  44 kB
Pss:                  11 kB
Shared_Clean:         44 kB
Shared_Dirty:          0 kB
Private_Clean:         0 kB
Private_Dirty:         0 kB
Referenced:            0 kB
Swap:                  0 kB
KernelPageSize:        4 kB
MMUPageSize:           4 kB
3fe84000-3fe93000 ---p 00000000 00:00 0 
Size:                 60 kB
Rss:                   0 kB
Pss:                   0 kB
Shared_Clean:          0 kB
Shared_Dirty:          0 kB
Private_Clean:         0 kB
Private_Dirty:         0 kB
Referenced:            0 kB
Swap:                  0 kB
KernelPageSize:        4 kB
MMUPageSize:           4 kB
3fe93000-3fe94000 r--p 00017000 08:01 16419      /run/youview/jail/applications/air/0/usr/local/lib/libsawman-1.5.so.0.0.4
Size:                  4 kB
Rss:                   4 kB
Pss:                   4 kB
Shared_Clean:          0 kB
Shared_Dirty:          0 kB
Private_Clean:         0 kB
Private_Dirty:         4 kB
Referenced:            0 kB
Swap:                  0 kB
KernelPageSize:        4 kB
MMUPageSize:           4 kB
3fe94000-3fe95000 rw-p 00018000 08:01 16419      /run/youview/jail/applications/air/0/usr/local/lib/libsawman-1.5.so.0.0.4
Size:                  4 kB
Rss:                   4 kB
Pss:                   4 kB
Shared_Clean:          0 kB
Shared_Dirty:          0 kB
Private_Clean:         0 kB
Private_Dirty:         4 kB
Referenced:            4 kB
Swap:                  0 kB
KernelPageSize:        4 kB
MMUPageSize:           4 kB
3fe95000-41527000 r-xp 00000000 08:01 121522     /run/youview/jail/applications/air/0/opt/stagecraft-2.0/bin/libIFlashRuntimeLib.so
Size:              23112 kB
Rss:                6224 kB
Pss:                6224 kB
Shared_Clean:          0 kB
Shared_Dirty:          0 kB
Private_Clean:      6224 kB
Private_Dirty:         0 kB
Referenced:         2276 kB
Swap:                  0 kB
KernelPageSize:        4 kB
MMUPageSize:           4 kB
41527000-41537000 ---p 00000000 00:00 0 
Size:                 64 kB
Rss:                   0 kB
Pss:                   0 kB
Shared_Clean:          0 kB
Shared_Dirty:          0 kB
Private_Clean:         0 kB
Private_Dirty:         0 kB
Referenced:            0 kB
Swap:                  0 kB
KernelPageSize:        4 kB
MMUPageSize:           4 kB
41537000-4166d000 r--p 01692000 08:01 121522     /run/youview/jail/applications/air/0/opt/stagecraft-2.0/bin/libIFlashRuntimeLib.so
Size:               1240 kB
Rss:                1220 kB
Pss:                1220 kB
Shared_Clean:          0 kB
Shared_Dirty:          0 kB
Private_Clean:       648 kB
Private_Dirty:       572 kB
Referenced:          504 kB
Swap:                  0 kB
KernelPageSize:        4 kB
MMUPageSize:           4 kB
4166d000-41696000 rw-p 017c8000 08:01 121522     /run/youview/jail/applications/air/0/opt/stagecraft-2.0/bin/libIFlashRuntimeLib.so
Size:                164 kB
Rss:                 164 kB
Pss:                 164 kB
Shared_Clean:          0 kB
Shared_Dirty:          0 kB
Private_Clean:         0 kB
Private_Dirty:       164 kB
Referenced:           84 kB
Swap:                  0 kB
KernelPageSize:        4 kB
MMUPageSize:           4 kB
41696000-416bf000 rw-p 00000000 00:00 0 
Size:                164 kB
Rss:                 140 kB
Pss:                 140 kB
Shared_Clean:          0 kB
Shared_Dirty:          0 kB
Private_Clean:         0 kB
Private_Dirty:       140 kB
Referenced:           48 kB
Swap:                  0 kB
KernelPageSize:        4 kB
MMUPageSize:           4 kB
416bf000-416c2000 r-xp 00000000 08:01 121523     /run/youview/jail/applications/air/0/opt/stagecraft-2.0/bin/libISystemDriver.so
Size:                 12 kB
Rss:                  12 kB
Pss:                  12 kB
Shared_Clean:          0 kB
Shared_Dirty:          0 kB
Private_Clean:        12 kB
Private_Dirty:         0 kB
Referenced:            0 kB
Swap:                  0 kB
KernelPageSize:        4 kB
MMUPageSize:           4 kB
416c2000-416d2000 ---p 00000000 00:00 0 
Size:                 64 kB
Rss:                   0 kB
Pss:                   0 kB
Shared_Clean:          0 kB
Shared_Dirty:          0 kB
Private_Clean:         0 kB
Private_Dirty:         0 kB
Referenced:            0 kB
Swap:                  0 kB
KernelPageSize:        4 kB
MMUPageSize:           4 kB
416d2000-416d3000 r--p 00003000 08:01 121523     /run/youview/jail/applications/air/0/opt/stagecraft-2.0/bin/libISystemDriver.so
Size:                  4 kB
Rss:                   4 kB
Pss:                   4 kB
Shared_Clean:          0 kB
Shared_Dirty:          0 kB
Private_Clean:         0 kB
Private_Dirty:         4 kB
Referenced:            4 kB
Swap:                  0 kB
KernelPageSize:        4 kB
MMUPageSize:           4 kB
416d3000-416d4000 rw-p 00004000 08:01 121523     /run/youview/jail/applications/air/0/opt/stagecraft-2.0/bin/libISystemDriver.so
Size:                  4 kB
Rss:                   4 kB
Pss:                   4 kB
Shared_Clean:          0 kB
Shared_Dirty:          0 kB
Private_Clean:         0 kB
Private_Dirty:         4 kB
Referenced:            4 kB
Swap:                  0 kB
KernelPageSize:        4 kB
MMUPageSize:           4 kB
416d4000-416e8000 r-xp 00000000 08:01 121512     /run/youview/jail/applications/air/0/opt/stagecraft-2.0/bin/libIGraphicsDriverFast.so
Size:                 80 kB
Rss:                  76 kB
Pss:                  76 kB
Shared_Clean:          0 kB
Shared_Dirty:          0 kB
Private_Clean:        76 kB
Private_Dirty:         0 kB
Referenced:           36 kB
Swap:                  0 kB
KernelPageSize:        4 kB
MMUPageSize:           4 kB
416e8000-416f7000 ---p 00000000 00:00 0 
Size:                 60 kB
Rss:                   0 kB
Pss:                   0 kB
Shared_Clean:          0 kB
Shared_Dirty:          0 kB
Private_Clean:         0 kB
Private_Dirty:         0 kB
Referenced:            0 kB
Swap:                  0 kB
KernelPageSize:        4 kB
MMUPageSize:           4 kB
416f7000-416f8000 r--p 00013000 08:01 121512     /run/youview/jail/applications/air/0/opt/stagecraft-2.0/bin/libIGraphicsDriverFast.so
Size:                  4 kB
Rss:                   4 kB
Pss:                   4 kB
Shared_Clean:          0 kB
Shared_Dirty:          0 kB
Private_Clean:         0 kB
Private_Dirty:         4 kB
Referenced:            4 kB
Swap:                  0 kB
KernelPageSize:        4 kB
MMUPageSize:           4 kB
416f8000-416f9000 rw-p 00014000 08:01 121512     /run/youview/jail/applications/air/0/opt/stagecraft-2.0/bin/libIGraphicsDriverFast.so
Size:                  4 kB
Rss:                   4 kB
Pss:                   4 kB
Shared_Clean:          0 kB
Shared_Dirty:          0 kB
Private_Clean:         0 kB
Private_Dirty:         4 kB
Referenced:            4 kB
Swap:                  0 kB
KernelPageSize:        4 kB
MMUPageSize:           4 kB
416f9000-416fc000 r-xp 00000000 08:01 121510     /run/youview/jail/applications/air/0/opt/stagecraft-2.0/bin/libkeycodemapperstagecraft.so
Size:                 12 kB
Rss:                  12 kB
Pss:                  12 kB
Shared_Clean:          0 kB
Shared_Dirty:          0 kB
Private_Clean:        12 kB
Private_Dirty:         0 kB
Referenced:            0 kB
Swap:                  0 kB
KernelPageSize:        4 kB
MMUPageSize:           4 kB
416fc000-4170b000 ---p 00000000 00:00 0 
Size:                 60 kB
Rss:                   0 kB
Pss:                   0 kB
Shared_Clean:          0 kB
Shared_Dirty:          0 kB
Private_Clean:         0 kB
Private_Dirty:         0 kB
Referenced:            0 kB
Swap:                  0 kB
KernelPageSize:        4 kB
MMUPageSize:           4 kB
4170b000-4170c000 r--p 00002000 08:01 121510     /run/youview/jail/applications/air/0/opt/stagecraft-2.0/bin/libkeycodemapperstagecraft.so
Size:                  4 kB
Rss:                   4 kB
Pss:                   4 kB
Shared_Clean:          0 kB
Shared_Dirty:          0 kB
Private_Clean:         0 kB
Private_Dirty:         4 kB
Referenced:            0 kB
Swap:                  0 kB
KernelPageSize:        4 kB
MMUPageSize:           4 kB
4170c000-4170d000 rw-p 00003000 08:01 121510     /run/youview/jail/applications/air/0/opt/stagecraft-2.0/bin/libkeycodemapperstagecraft.so
Size:                  4 kB
Rss:                   4 kB
Pss:                   4 kB
Shared_Clean:          0 kB
Shared_Dirty:          0 kB
Private_Clean:         0 kB
Private_Dirty:         4 kB
Referenced:            4 kB
Swap:                  0 kB
KernelPageSize:        4 kB
MMUPageSize:           4 kB
4170d000-4172c000 r-xp 00000000 08:01 121518     /run/youview/jail/applications/air/0/opt/stagecraft-2.0/bin/libINet.so
Size:                124 kB
Rss:                  88 kB
Pss:                  88 kB
Shared_Clean:          0 kB
Shared_Dirty:          0 kB
Private_Clean:        88 kB
Private_Dirty:         0 kB
Referenced:           44 kB
Swap:                  0 kB
KernelPageSize:        4 kB
MMUPageSize:           4 kB
4172c000-4173c000 ---p 00000000 00:00 0 
Size:                 64 kB
Rss:                   0 kB
Pss:                   0 kB
Shared_Clean:          0 kB
Shared_Dirty:          0 kB
Private_Clean:         0 kB
Private_Dirty:         0 kB
Referenced:            0 kB
Swap:                  0 kB
KernelPageSize:        4 kB
MMUPageSize:           4 kB
4173c000-4173d000 r--p 0001f000 08:01 121518     /run/youview/jail/applications/air/0/opt/stagecraft-2.0/bin/libINet.so
Size:                  4 kB
Rss:                   4 kB
Pss:                   4 kB
Shared_Clean:          0 kB
Shared_Dirty:          0 kB
Private_Clean:         0 kB
Private_Dirty:         4 kB
Referenced:            4 kB
Swap:                  0 kB
KernelPageSize:        4 kB
MMUPageSize:           4 kB
4173d000-4173e000 rw-p 00020000 08:01 121518     /run/youview/jail/applications/air/0/opt/stagecraft-2.0/bin/libINet.so
Size:                  4 kB
Rss:                   4 kB
Pss:                   4 kB
Shared_Clean:          0 kB
Shared_Dirty:          0 kB
Private_Clean:         0 kB
Private_Dirty:         4 kB
Referenced:            4 kB
Swap:                  0 kB
KernelPageSize:        4 kB
MMUPageSize:           4 kB
4173e000-4173f000 ---p 00000000 00:00 0 
Size:                  4 kB
Rss:                   0 kB
Pss:                   0 kB
Shared_Clean:          0 kB
Shared_Dirty:          0 kB
Private_Clean:         0 kB
Private_Dirty:         0 kB
Referenced:            0 kB
Swap:                  0 kB
KernelPageSize:        4 kB
MMUPageSize:           4 kB
4173f000-419f0000 rw-p 00000000 00:00 0 
Size:               2756 kB
Rss:                1832 kB
Pss:                1832 kB
Shared_Clean:          0 kB
Shared_Dirty:          0 kB
Private_Clean:         0 kB
Private_Dirty:      1832 kB
Referenced:         1828 kB
Swap:                  0 kB
KernelPageSize:        4 kB
MMUPageSize:           4 kB
419f0000-41a10000 r-xp 00000000 00:00 0 
Size:                128 kB
Rss:                 128 kB
Pss:                 128 kB
Shared_Clean:          0 kB
Shared_Dirty:          0 kB
Private_Clean:         0 kB
Private_Dirty:       128 kB
Referenced:           60 kB
Swap:                  0 kB
KernelPageSize:        4 kB
MMUPageSize:           4 kB
41a10000-41a3e000 rw-p 00000000 00:00 0 
Size:                184 kB
Rss:                 184 kB
Pss:                 184 kB
Shared_Clean:          0 kB
Shared_Dirty:          0 kB
Private_Clean:         0 kB
Private_Dirty:       184 kB
Referenced:          148 kB
Swap:                  0 kB
KernelPageSize:        4 kB
MMUPageSize:           4 kB
41a3e000-41a3f000 ---p 00000000 00:00 0 
Size:                  4 kB
Rss:                   0 kB
Pss:                   0 kB
Shared_Clean:          0 kB
Shared_Dirty:          0 kB
Private_Clean:         0 kB
Private_Dirty:         0 kB
Referenced:            0 kB
Swap:                  0 kB
KernelPageSize:        4 kB
MMUPageSize:           4 kB
41a3f000-41b3e000 rw-p 00000000 00:00 0 
Size:               1020 kB
Rss:                  12 kB
Pss:                  12 kB
Shared_Clean:          0 kB
Shared_Dirty:          0 kB
Private_Clean:         0 kB
Private_Dirty:        12 kB
Referenced:            4 kB
Swap:                  0 kB
KernelPageSize:        4 kB
MMUPageSize:           4 kB
41b3e000-41b3f000 ---p 00000000 00:00 0 
Size:                  4 kB
Rss:                   0 kB
Pss:                   0 kB
Shared_Clean:          0 kB
Shared_Dirty:          0 kB
Private_Clean:         0 kB
Private_Dirty:         0 kB
Referenced:            0 kB
Swap:                  0 kB
KernelPageSize:        4 kB
MMUPageSize:           4 kB
41b3f000-41c3e000 rw-p 00000000 00:00 0 
Size:               1020 kB
Rss:                   8 kB
Pss:                   8 kB
Shared_Clean:          0 kB
Shared_Dirty:          0 kB
Private_Clean:         0 kB
Private_Dirty:         8 kB
Referenced:            0 kB
Swap:                  0 kB
KernelPageSize:        4 kB
MMUPageSize:           4 kB
41c3e000-41c3f000 ---p 00000000 00:00 0 
Size:                  4 kB
Rss:                   0 kB
Pss:                   0 kB
Shared_Clean:          0 kB
Shared_Dirty:          0 kB
Private_Clean:         0 kB
Private_Dirty:         0 kB
Referenced:            0 kB
Swap:                  0 kB
KernelPageSize:        4 kB
MMUPageSize:           4 kB
41c3f000-41d3e000 rw-p 00000000 00:00 0 
Size:               1020 kB
Rss:                   8 kB
Pss:                   8 kB
Shared_Clean:          0 kB
Shared_Dirty:          0 kB
Private_Clean:         0 kB
Private_Dirty:         8 kB
Referenced:            8 kB
Swap:                  0 kB
KernelPageSize:        4 kB
MMUPageSize:           4 kB
41d3e000-41d4b000 r-xp 00000000 08:01 121494     /run/youview/jail/applications/air/0/opt/stagecraft-2.0/bin/libICacheManager.so
Size:                 52 kB
Rss:                  40 kB
Pss:                  40 kB
Shared_Clean:          0 kB
Shared_Dirty:          0 kB
Private_Clean:        40 kB
Private_Dirty:         0 kB
Referenced:            0 kB
Swap:                  0 kB
KernelPageSize:        4 kB
MMUPageSize:           4 kB
41d4b000-41d5a000 ---p 00000000 00:00 0 
Size:                 60 kB
Rss:                   0 kB
Pss:                   0 kB
Shared_Clean:          0 kB
Shared_Dirty:          0 kB
Private_Clean:         0 kB
Private_Dirty:         0 kB
Referenced:            0 kB
Swap:                  0 kB
KernelPageSize:        4 kB
MMUPageSize:           4 kB
41d5a000-41d5b000 r--p 0000c000 08:01 121494     /run/youview/jail/applications/air/0/opt/stagecraft-2.0/bin/libICacheManager.so
Size:                  4 kB
Rss:                   4 kB
Pss:                   4 kB
Shared_Clean:          0 kB
Shared_Dirty:          0 kB
Private_Clean:         0 kB
Private_Dirty:         4 kB
Referenced:            0 kB
Swap:                  0 kB
KernelPageSize:        4 kB
MMUPageSize:           4 kB
41d5b000-41d5c000 rw-p 0000d000 08:01 121494     /run/youview/jail/applications/air/0/opt/stagecraft-2.0/bin/libICacheManager.so
Size:                  4 kB
Rss:                   4 kB
Pss:                   4 kB
Shared_Clean:          0 kB
Shared_Dirty:          0 kB
Private_Clean:         0 kB
Private_Dirty:         4 kB
Referenced:            0 kB
Swap:                  0 kB
KernelPageSize:        4 kB
MMUPageSize:           4 kB
41d5c000-41d61000 r-xp 00000000 08:01 121517     /run/youview/jail/applications/air/0/opt/stagecraft-2.0/bin/libIIO.so
Size:                 20 kB
Rss:                  20 kB
Pss:                  20 kB
Shared_Clean:          0 kB
Shared_Dirty:          0 kB
Private_Clean:        20 kB
Private_Dirty:         0 kB
Referenced:            0 kB
Swap:                  0 kB
KernelPageSize:        4 kB
MMUPageSize:           4 kB
41d61000-41d70000 ---p 00000000 00:00 0 
Size:                 60 kB
Rss:                   0 kB
Pss:                   0 kB
Shared_Clean:          0 kB
Shared_Dirty:          0 kB
Private_Clean:         0 kB
Private_Dirty:         0 kB
Referenced:            0 kB
Swap:                  0 kB
KernelPageSize:        4 kB
MMUPageSize:           4 kB
41d70000-41d71000 r--p 00004000 08:01 121517     /run/youview/jail/applications/air/0/opt/stagecraft-2.0/bin/libIIO.so
Size:                  4 kB
Rss:                   4 kB
Pss:                   4 kB
Shared_Clean:          0 kB
Shared_Dirty:          0 kB
Private_Clean:         0 kB
Private_Dirty:         4 kB
Referenced:            0 kB
Swap:                  0 kB
KernelPageSize:        4 kB
MMUPageSize:           4 kB
41d71000-41d72000 rw-p 00005000 08:01 121517     /run/youview/jail/applications/air/0/opt/stagecraft-2.0/bin/libIIO.so
Size:                  4 kB
Rss:                   4 kB
Pss:                   4 kB
Shared_Clean:          0 kB
Shared_Dirty:          0 kB
Private_Clean:         0 kB
Private_Dirty:         4 kB
Referenced:            0 kB
Swap:                  0 kB
KernelPageSize:        4 kB
MMUPageSize:           4 kB
41d72000-41d73000 ---p 00000000 00:00 0 
Size:                  4 kB
Rss:                   0 kB
Pss:                   0 kB
Shared_Clean:          0 kB
Shared_Dirty:          0 kB
Private_Clean:         0 kB
Private_Dirty:         0 kB
Referenced:            0 kB
Swap:                  0 kB
KernelPageSize:        4 kB
MMUPageSize:           4 kB
41d73000-41edd000 rw-p 00000000 00:00 0 
Size:               1448 kB
Rss:                 436 kB
Pss:                 436 kB
Shared_Clean:          0 kB
Shared_Dirty:          0 kB
Private_Clean:         0 kB
Private_Dirty:       436 kB
Referenced:          436 kB
Swap:                  0 kB
KernelPageSize:        4 kB
MMUPageSize:           4 kB
41edd000-41efd000 r-xp 00000000 00:00 0 
Size:                128 kB
Rss:                 128 kB
Pss:                 128 kB
Shared_Clean:          0 kB
Shared_Dirty:          0 kB
Private_Clean:         0 kB
Private_Dirty:       128 kB
Referenced:          128 kB
Swap:                  0 kB
KernelPageSize:        4 kB
MMUPageSize:           4 kB
41efd000-41f02000 rw-p 00000000 00:00 0 
Size:                 20 kB
Rss:                  20 kB
Pss:                  20 kB
Shared_Clean:          0 kB
Shared_Dirty:          0 kB
Private_Clean:         0 kB
Private_Dirty:        20 kB
Referenced:           20 kB
Swap:                  0 kB
KernelPageSize:        4 kB
MMUPageSize:           4 kB
41f02000-41f12000 r-xp 00000000 00:00 0 
Size:                 64 kB
Rss:                  64 kB
Pss:                  64 kB
Shared_Clean:          0 kB
Shared_Dirty:          0 kB
Private_Clean:         0 kB
Private_Dirty:        64 kB
Referenced:           64 kB
Swap:                  0 kB
KernelPageSize:        4 kB
MMUPageSize:           4 kB
41f12000-41f17000 rw-p 00000000 00:00 0 
Size:                 20 kB
Rss:                  20 kB
Pss:                  20 kB
Shared_Clean:          0 kB
Shared_Dirty:          0 kB
Private_Clean:         0 kB
Private_Dirty:        20 kB
Referenced:           20 kB
Swap:                  0 kB
KernelPageSize:        4 kB
MMUPageSize:           4 kB
41f17000-41f27000 r-xp 00000000 00:00 0 
Size:                 64 kB
Rss:                  64 kB
Pss:                  64 kB
Shared_Clean:          0 kB
Shared_Dirty:          0 kB
Private_Clean:         0 kB
Private_Dirty:        64 kB
Referenced:           64 kB
Swap:                  0 kB
KernelPageSize:        4 kB
MMUPageSize:           4 kB
41f27000-41f58000 rw-p 00000000 00:00 0 
Size:                196 kB
Rss:                 196 kB
Pss:                 196 kB
Shared_Clean:          0 kB
Shared_Dirty:          0 kB
Private_Clean:         0 kB
Private_Dirty:       196 kB
Referenced:          196 kB
Swap:                  0 kB
KernelPageSize:        4 kB
MMUPageSize:           4 kB
41f58000-41f68000 r-xp 00000000 00:00 0 
Size:                 64 kB
Rss:                  64 kB
Pss:                  64 kB
Shared_Clean:          0 kB
Shared_Dirty:          0 kB
Private_Clean:         0 kB
Private_Dirty:        64 kB
Referenced:           64 kB
Swap:                  0 kB
KernelPageSize:        4 kB
MMUPageSize:           4 kB
41f68000-41fb8000 rw-p 00000000 00:00 0 
Size:                320 kB
Rss:                 320 kB
Pss:                 320 kB
Shared_Clean:          0 kB
Shared_Dirty:          0 kB
Private_Clean:         0 kB
Private_Dirty:       320 kB
Referenced:          320 kB
Swap:                  0 kB
KernelPageSize:        4 kB
MMUPageSize:           4 kB
41fb8000-41fc8000 r-xp 00000000 00:00 0 
Size:                 64 kB
Rss:                  64 kB
Pss:                  64 kB
Shared_Clean:          0 kB
Shared_Dirty:          0 kB
Private_Clean:         0 kB
Private_Dirty:        64 kB
Referenced:           64 kB
Swap:                  0 kB
KernelPageSize:        4 kB
MMUPageSize:           4 kB
41fc8000-42072000 rw-p 00000000 00:00 0 
Size:                680 kB
Rss:                 680 kB
Pss:                 680 kB
Shared_Clean:          0 kB
Shared_Dirty:          0 kB
Private_Clean:         0 kB
Private_Dirty:       680 kB
Referenced:          680 kB
Swap:                  0 kB
KernelPageSize:        4 kB
MMUPageSize:           4 kB
42072000-4207c000 r-xp 00000000 08:01 121495     /run/youview/jail/applications/air/0/opt/stagecraft-2.0/bin/libIProcess.so
Size:                 40 kB
Rss:                  40 kB
Pss:                  40 kB
Shared_Clean:          0 kB
Shared_Dirty:          0 kB
Private_Clean:        40 kB
Private_Dirty:         0 kB
Referenced:            8 kB
Swap:                  0 kB
KernelPageSize:        4 kB
MMUPageSize:           4 kB
4207c000-4208b000 ---p 00000000 00:00 0 
Size:                 60 kB
Rss:                   0 kB
Pss:                   0 kB
Shared_Clean:          0 kB
Shared_Dirty:          0 kB
Private_Clean:         0 kB
Private_Dirty:         0 kB
Referenced:            0 kB
Swap:                  0 kB
KernelPageSize:        4 kB
MMUPageSize:           4 kB
4208b000-4208c000 r--p 00009000 08:01 121495     /run/youview/jail/applications/air/0/opt/stagecraft-2.0/bin/libIProcess.so
Size:                  4 kB
Rss:                   4 kB
Pss:                   4 kB
Shared_Clean:          0 kB
Shared_Dirty:          0 kB
Private_Clean:         0 kB
Private_Dirty:         4 kB
Referenced:            4 kB
Swap:                  0 kB
KernelPageSize:        4 kB
MMUPageSize:           4 kB
4208c000-4208d000 rw-p 0000a000 08:01 121495     /run/youview/jail/applications/air/0/opt/stagecraft-2.0/bin/libIProcess.so
Size:                  4 kB
Rss:                   4 kB
Pss:                   4 kB
Shared_Clean:          0 kB
Shared_Dirty:          0 kB
Private_Clean:         0 kB
Private_Dirty:         4 kB
Referenced:            4 kB
Swap:                  0 kB
KernelPageSize:        4 kB
MMUPageSize:           4 kB
4208d000-4209d000 rw-s 00000000 00:08 65538      /SYSV53027d65 (deleted)
Size:                 64 kB
Rss:                   8 kB
Pss:                   8 kB
Shared_Clean:          0 kB
Shared_Dirty:          0 kB
Private_Clean:         0 kB
Private_Dirty:         8 kB
Referenced:            8 kB
Swap:                  0 kB
KernelPageSize:        4 kB
MMUPageSize:           4 kB
4209d000-422bd000 rw-p 00000000 00:00 0 
Size:               2176 kB
Rss:                2176 kB
Pss:                2176 kB
Shared_Clean:          0 kB
Shared_Dirty:          0 kB
Private_Clean:         0 kB
Private_Dirty:      2176 kB
Referenced:         2176 kB
Swap:                  0 kB
KernelPageSize:        4 kB
MMUPageSize:           4 kB
422bd000-422fd000 r-xp 00000000 00:00 0 
Size:                256 kB
Rss:                 256 kB
Pss:                 256 kB
Shared_Clean:          0 kB
Shared_Dirty:          0 kB
Private_Clean:         0 kB
Private_Dirty:       256 kB
Referenced:          256 kB
Swap:                  0 kB
KernelPageSize:        4 kB
MMUPageSize:           4 kB
422fd000-42300000 rw-p 00000000 00:00 0 
Size:                 12 kB
Rss:                  12 kB
Pss:                  12 kB
Shared_Clean:          0 kB
Shared_Dirty:          0 kB
Private_Clean:         0 kB
Private_Dirty:        12 kB
Referenced:           12 kB
Swap:                  0 kB
KernelPageSize:        4 kB
MMUPageSize:           4 kB
42300000-42320000 r-xp 00000000 00:00 0 
Size:                128 kB
Rss:                 128 kB
Pss:                 128 kB
Shared_Clean:          0 kB
Shared_Dirty:          0 kB
Private_Clean:         0 kB
Private_Dirty:       128 kB
Referenced:          128 kB
Swap:                  0 kB
KernelPageSize:        4 kB
MMUPageSize:           4 kB
42320000-42353000 rw-p 00000000 00:00 0 
Size:                204 kB
Rss:                 204 kB
Pss:                 204 kB
Shared_Clean:          0 kB
Shared_Dirty:          0 kB
Private_Clean:         0 kB
Private_Dirty:       204 kB
Referenced:          204 kB
Swap:                  0 kB
KernelPageSize:        4 kB
MMUPageSize:           4 kB
42353000-42355000 r-xp 00000000 08:01 172967     /run/youview/jail/applications/air/0/opt/zinc-trunk/lib/stagecraft2-extensions/zinc.binding.air.Session.ane/META-INF/ANE/genericTV-x86/library.so
Size:                  8 kB
Rss:                   8 kB
Pss:                   8 kB
Shared_Clean:          0 kB
Shared_Dirty:          0 kB
Private_Clean:         8 kB
Private_Dirty:         0 kB
Referenced:            0 kB
Swap:                  0 kB
KernelPageSize:        4 kB
MMUPageSize:           4 kB
42355000-42364000 ---p 00000000 00:00 0 
Size:                 60 kB
Rss:                   0 kB
Pss:                   0 kB
Shared_Clean:          0 kB
Shared_Dirty:          0 kB
Private_Clean:         0 kB
Private_Dirty:         0 kB
Referenced:            0 kB
Swap:                  0 kB
KernelPageSize:        4 kB
MMUPageSize:           4 kB
42364000-42365000 r--p 00001000 08:01 172967     /run/youview/jail/applications/air/0/opt/zinc-trunk/lib/stagecraft2-extensions/zinc.binding.air.Session.ane/META-INF/ANE/genericTV-x86/library.so
Size:                  4 kB
Rss:                   4 kB
Pss:                   4 kB
Shared_Clean:          0 kB
Shared_Dirty:          0 kB
Private_Clean:         0 kB
Private_Dirty:         4 kB
Referenced:            4 kB
Swap:                  0 kB
KernelPageSize:        4 kB
MMUPageSize:           4 kB
42365000-42366000 rw-p 00002000 08:01 172967     /run/youview/jail/applications/air/0/opt/zinc-trunk/lib/stagecraft2-extensions/zinc.binding.air.Session.ane/META-INF/ANE/genericTV-x86/library.so
Size:                  4 kB
Rss:                   4 kB
Pss:                   4 kB
Shared_Clean:          0 kB
Shared_Dirty:          0 kB
Private_Clean:         0 kB
Private_Dirty:         4 kB
Referenced:            4 kB
Swap:                  0 kB
KernelPageSize:        4 kB
MMUPageSize:           4 kB
42366000-423b3000 r-xp 00000000 08:01 124610     /run/youview/jail/applications/air/0/opt/zinc-trunk/lib/libZincAirEdk2BindingRuntime.so.0.0.0
Size:                308 kB
Rss:                 284 kB
Pss:                 284 kB
Shared_Clean:          0 kB
Shared_Dirty:          0 kB
Private_Clean:       284 kB
Private_Dirty:         0 kB
Referenced:          100 kB
Swap:                  0 kB
KernelPageSize:        4 kB
MMUPageSize:           4 kB
423b3000-423c3000 ---p 00000000 00:00 0 
Size:                 64 kB
Rss:                   0 kB
Pss:                   0 kB
Shared_Clean:          0 kB
Shared_Dirty:          0 kB
Private_Clean:         0 kB
Private_Dirty:         0 kB
Referenced:            0 kB
Swap:                  0 kB
KernelPageSize:        4 kB
MMUPageSize:           4 kB
423c3000-423ce000 r--p 0004d000 08:01 124610     /run/youview/jail/applications/air/0/opt/zinc-trunk/lib/libZincAirEdk2BindingRuntime.so.0.0.0
Size:                 44 kB
Rss:                  40 kB
Pss:                  40 kB
Shared_Clean:          0 kB
Shared_Dirty:          0 kB
Private_Clean:        12 kB
Private_Dirty:        28 kB
Referenced:           28 kB
Swap:                  0 kB
KernelPageSize:        4 kB
MMUPageSize:           4 kB
423ce000-423cf000 rw-p 00058000 08:01 124610     /run/youview/jail/applications/air/0/opt/zinc-trunk/lib/libZincAirEdk2BindingRuntime.so.0.0.0
Size:                  4 kB
Rss:                   4 kB
Pss:                   4 kB
Shared_Clean:          0 kB
Shared_Dirty:          0 kB
Private_Clean:         0 kB
Private_Dirty:         4 kB
Referenced:            4 kB
Swap:                  0 kB
KernelPageSize:        4 kB
MMUPageSize:           4 kB
423cf000-423d0000 rw-p 00000000 00:00 0 
Size:                  4 kB
Rss:                   4 kB
Pss:                   4 kB
Shared_Clean:          0 kB
Shared_Dirty:          0 kB
Private_Clean:         0 kB
Private_Dirty:         4 kB
Referenced:            4 kB
Swap:                  0 kB
KernelPageSize:        4 kB
MMUPageSize:           4 kB
423d0000-42459000 r-xp 00000000 08:01 124663     /run/youview/jail/applications/air/0/opt/zinc-trunk/lib/libZincCommon.so.0.0.0
Size:                548 kB
Rss:                 460 kB
Pss:                  78 kB
Shared_Clean:        444 kB
Shared_Dirty:          0 kB
Private_Clean:        16 kB
Private_Dirty:         0 kB
Referenced:          148 kB
Swap:                  0 kB
KernelPageSize:        4 kB
MMUPageSize:           4 kB
42459000-42468000 ---p 00000000 00:00 0 
Size:                 60 kB
Rss:                   0 kB
Pss:                   0 kB
Shared_Clean:          0 kB
Shared_Dirty:          0 kB
Private_Clean:         0 kB
Private_Dirty:         0 kB
Referenced:            0 kB
Swap:                  0 kB
KernelPageSize:        4 kB
MMUPageSize:           4 kB
42468000-4247a000 r--p 00088000 08:01 124663     /run/youview/jail/applications/air/0/opt/zinc-trunk/lib/libZincCommon.so.0.0.0
Size:                 72 kB
Rss:                  56 kB
Pss:                  31 kB
Shared_Clean:         28 kB
Shared_Dirty:          0 kB
Private_Clean:         0 kB
Private_Dirty:        28 kB
Referenced:           28 kB
Swap:                  0 kB
KernelPageSize:        4 kB
MMUPageSize:           4 kB
4247a000-4247c000 rw-p 0009a000 08:01 124663     /run/youview/jail/applications/air/0/opt/zinc-trunk/lib/libZincCommon.so.0.0.0
Size:                  8 kB
Rss:                   8 kB
Pss:                   8 kB
Shared_Clean:          0 kB
Shared_Dirty:          0 kB
Private_Clean:         0 kB
Private_Dirty:         8 kB
Referenced:            8 kB
Swap:                  0 kB
KernelPageSize:        4 kB
MMUPageSize:           4 kB
4247c000-424df000 r-xp 00000000 08:01 157082     /run/youview/jail/applications/air/0/opt/zinc-trunk/oss/lib/liblog4cplus-1.0.so.4.0.0
Size:                396 kB
Rss:                 324 kB
Pss:                  37 kB
Shared_Clean:        324 kB
Shared_Dirty:          0 kB
Private_Clean:         0 kB
Private_Dirty:         0 kB
Referenced:           92 kB
Swap:                  0 kB
KernelPageSize:        4 kB
MMUPageSize:           4 kB
424df000-424ee000 ---p 00000000 00:00 0 
Size:                 60 kB
Rss:                   0 kB
Pss:                   0 kB
Shared_Clean:          0 kB
Shared_Dirty:          0 kB
Private_Clean:         0 kB
Private_Dirty:         0 kB
Referenced:            0 kB
Swap:                  0 kB
KernelPageSize:        4 kB
MMUPageSize:           4 kB
424ee000-424fc000 r--p 00062000 08:01 157082     /run/youview/jail/applications/air/0/opt/zinc-trunk/oss/lib/liblog4cplus-1.0.so.4.0.0
Size:                 56 kB
Rss:                  52 kB
Pss:                  31 kB
Shared_Clean:         24 kB
Shared_Dirty:          0 kB
Private_Clean:         0 kB
Private_Dirty:        28 kB
Referenced:           28 kB
Swap:                  0 kB
KernelPageSize:        4 kB
MMUPageSize:           4 kB
424fc000-424fd000 rw-p 00070000 08:01 157082     /run/youview/jail/applications/air/0/opt/zinc-trunk/oss/lib/liblog4cplus-1.0.so.4.0.0
Size:                  4 kB
Rss:                   4 kB
Pss:                   4 kB
Shared_Clean:          0 kB
Shared_Dirty:          0 kB
Private_Clean:         0 kB
Private_Dirty:         4 kB
Referenced:            4 kB
Swap:                  0 kB
KernelPageSize:        4 kB
MMUPageSize:           4 kB
424fd000-424fe000 rw-p 00000000 00:00 0 
Size:                  4 kB
Rss:                   4 kB
Pss:                   4 kB
Shared_Clean:          0 kB
Shared_Dirty:          0 kB
Private_Clean:         0 kB
Private_Dirty:         4 kB
Referenced:            4 kB
Swap:                  0 kB
KernelPageSize:        4 kB
MMUPageSize:           4 kB
424fe000-42511000 r-xp 00000000 08:01 156972     /run/youview/jail/applications/air/0/opt/zinc-trunk/oss/lib/libboost_filesystem.so.1.42.0
Size:                 76 kB
Rss:                  56 kB
Pss:                   7 kB
Shared_Clean:         56 kB
Shared_Dirty:          0 kB
Private_Clean:         0 kB
Private_Dirty:         0 kB
Referenced:            8 kB
Swap:                  0 kB
KernelPageSize:        4 kB
MMUPageSize:           4 kB
42511000-42520000 ---p 00000000 00:00 0 
Size:                 60 kB
Rss:                   0 kB
Pss:                   0 kB
Shared_Clean:          0 kB
Shared_Dirty:          0 kB
Private_Clean:         0 kB
Private_Dirty:         0 kB
Referenced:            0 kB
Swap:                  0 kB
KernelPageSize:        4 kB
MMUPageSize:           4 kB
42520000-42522000 r--p 00012000 08:01 156972     /run/youview/jail/applications/air/0/opt/zinc-trunk/oss/lib/libboost_filesystem.so.1.42.0
Size:                  8 kB
Rss:                   8 kB
Pss:                   8 kB
Shared_Clean:          0 kB
Shared_Dirty:          0 kB
Private_Clean:         0 kB
Private_Dirty:         8 kB
Referenced:            8 kB
Swap:                  0 kB
KernelPageSize:        4 kB
MMUPageSize:           4 kB
42522000-42523000 rw-p 00014000 08:01 156972     /run/youview/jail/applications/air/0/opt/zinc-trunk/oss/lib/libboost_filesystem.so.1.42.0
Size:                  4 kB
Rss:                   4 kB
Pss:                   4 kB
Shared_Clean:          0 kB
Shared_Dirty:          0 kB
Private_Clean:         0 kB
Private_Dirty:         4 kB
Referenced:            4 kB
Swap:                  0 kB
KernelPageSize:        4 kB
MMUPageSize:           4 kB
42523000-42525000 r-xp 00000000 08:01 157066     /run/youview/jail/applications/air/0/opt/zinc-trunk/oss/lib/libboost_system.so.1.42.0
Size:                  8 kB
Rss:                   8 kB
Pss:                   0 kB
Shared_Clean:          8 kB
Shared_Dirty:          0 kB
Private_Clean:         0 kB
Private_Dirty:         0 kB
Referenced:            8 kB
Swap:                  0 kB
KernelPageSize:        4 kB
MMUPageSize:           4 kB
42525000-42535000 ---p 00000000 00:00 0 
Size:                 64 kB
Rss:                   0 kB
Pss:                   0 kB
Shared_Clean:          0 kB
Shared_Dirty:          0 kB
Private_Clean:         0 kB
Private_Dirty:         0 kB
Referenced:            0 kB
Swap:                  0 kB
KernelPageSize:        4 kB
MMUPageSize:           4 kB
42535000-42536000 r--p 00002000 08:01 157066     /run/youview/jail/applications/air/0/opt/zinc-trunk/oss/lib/libboost_system.so.1.42.0
Size:                  4 kB
Rss:                   4 kB
Pss:                   4 kB
Shared_Clean:          0 kB
Shared_Dirty:          0 kB
Private_Clean:         0 kB
Private_Dirty:         4 kB
Referenced:            4 kB
Swap:                  0 kB
KernelPageSize:        4 kB
MMUPageSize:           4 kB
42536000-42537000 rw-p 00003000 08:01 157066     /run/youview/jail/applications/air/0/opt/zinc-trunk/oss/lib/libboost_system.so.1.42.0
Size:                  4 kB
Rss:                   4 kB
Pss:                   4 kB
Shared_Clean:          0 kB
Shared_Dirty:          0 kB
Private_Clean:         0 kB
Private_Dirty:         4 kB
Referenced:            4 kB
Swap:                  0 kB
KernelPageSize:        4 kB
MMUPageSize:           4 kB
42537000-42549000 r-xp 00000000 08:01 157099     /run/youview/jail/applications/air/0/opt/zinc-trunk/oss/lib/libboost_thread.so.1.42.0
Size:                 72 kB
Rss:                  60 kB
Pss:                  15 kB
Shared_Clean:         52 kB
Shared_Dirty:          0 kB
Private_Clean:         8 kB
Private_Dirty:         0 kB
Referenced:           16 kB
Swap:                  0 kB
KernelPageSize:        4 kB
MMUPageSize:           4 kB
42549000-42558000 ---p 00000000 00:00 0 
Size:                 60 kB
Rss:                   0 kB
Pss:                   0 kB
Shared_Clean:          0 kB
Shared_Dirty:          0 kB
Private_Clean:         0 kB
Private_Dirty:         0 kB
Referenced:            0 kB
Swap:                  0 kB
KernelPageSize:        4 kB
MMUPageSize:           4 kB
42558000-4255b000 r--p 00011000 08:01 157099     /run/youview/jail/applications/air/0/opt/zinc-trunk/oss/lib/libboost_thread.so.1.42.0
Size:                 12 kB
Rss:                  12 kB
Pss:                   8 kB
Shared_Clean:          4 kB
Shared_Dirty:          0 kB
Private_Clean:         0 kB
Private_Dirty:         8 kB
Referenced:            8 kB
Swap:                  0 kB
KernelPageSize:        4 kB
MMUPageSize:           4 kB
4255b000-4255c000 rw-p 00014000 08:01 157099     /run/youview/jail/applications/air/0/opt/zinc-trunk/oss/lib/libboost_thread.so.1.42.0
Size:                  4 kB
Rss:                   4 kB
Pss:                   4 kB
Shared_Clean:          0 kB
Shared_Dirty:          0 kB
Private_Clean:         0 kB
Private_Dirty:         4 kB
Referenced:            4 kB
Swap:                  0 kB
KernelPageSize:        4 kB
MMUPageSize:           4 kB
4255c000-4255d000 ---p 00000000 00:00 0 
Size:                  4 kB
Rss:                   0 kB
Pss:                   0 kB
Shared_Clean:          0 kB
Shared_Dirty:          0 kB
Private_Clean:         0 kB
Private_Dirty:         0 kB
Referenced:            0 kB
Swap:                  0 kB
KernelPageSize:        4 kB
MMUPageSize:           4 kB
4255d000-42d5c000 rw-p 00000000 00:00 0 
Size:               8188 kB
Rss:                  12 kB
Pss:                  12 kB
Shared_Clean:          0 kB
Shared_Dirty:          0 kB
Private_Clean:         0 kB
Private_Dirty:        12 kB
Referenced:           12 kB
Swap:                  0 kB
KernelPageSize:        4 kB
MMUPageSize:           4 kB
42d5c000-42d5d000 ---p 00000000 00:00 0 
Size:                  4 kB
Rss:                   0 kB
Pss:                   0 kB
Shared_Clean:          0 kB
Shared_Dirty:          0 kB
Private_Clean:         0 kB
Private_Dirty:         0 kB
Referenced:            0 kB
Swap:                  0 kB
KernelPageSize:        4 kB
MMUPageSize:           4 kB
42d5d000-4355c000 rw-p 00000000 00:00 0 
Size:               8188 kB
Rss:                  16 kB
Pss:                  16 kB
Shared_Clean:          0 kB
Shared_Dirty:          0 kB
Private_Clean:         0 kB
Private_Dirty:        16 kB
Referenced:           16 kB
Swap:                  0 kB
KernelPageSize:        4 kB
MMUPageSize:           4 kB
4355c000-43596000 r-xp 00000000 08:01 124824     /run/youview/jail/applications/air/0/opt/zinc-trunk/lib/libTitaniumApplicationContainerProductionAccessControl.so.0.0.0
Size:                232 kB
Rss:                  92 kB
Pss:                  92 kB
Shared_Clean:          0 kB
Shared_Dirty:          0 kB
Private_Clean:        92 kB
Private_Dirty:         0 kB
Referenced:            0 kB
Swap:                  0 kB
KernelPageSize:        4 kB
MMUPageSize:           4 kB
43596000-435a5000 ---p 00000000 00:00 0 
Size:                 60 kB
Rss:                   0 kB
Pss:                   0 kB
Shared_Clean:          0 kB
Shared_Dirty:          0 kB
Private_Clean:         0 kB
Private_Dirty:         0 kB
Referenced:            0 kB
Swap:                  0 kB
KernelPageSize:        4 kB
MMUPageSize:           4 kB
435a5000-435ad000 r--p 00039000 08:01 124824     /run/youview/jail/applications/air/0/opt/zinc-trunk/lib/libTitaniumApplicationContainerProductionAccessControl.so.0.0.0
Size:                 32 kB
Rss:                  32 kB
Pss:                  32 kB
Shared_Clean:          0 kB
Shared_Dirty:          0 kB
Private_Clean:         8 kB
Private_Dirty:        24 kB
Referenced:           24 kB
Swap:                  0 kB
KernelPageSize:        4 kB
MMUPageSize:           4 kB
435ad000-435ae000 rw-p 00041000 08:01 124824     /run/youview/jail/applications/air/0/opt/zinc-trunk/lib/libTitaniumApplicationContainerProductionAccessControl.so.0.0.0
Size:                  4 kB
Rss:                   4 kB
Pss:                   4 kB
Shared_Clean:          0 kB
Shared_Dirty:          0 kB
Private_Clean:         0 kB
Private_Dirty:         4 kB
Referenced:            4 kB
Swap:                  0 kB
KernelPageSize:        4 kB
MMUPageSize:           4 kB
435ae000-435d7000 r-xp 00000000 08:01 124777     /run/youview/jail/applications/air/0/opt/zinc-trunk/lib/libCopperSystemAPI.so.0.0.0
Size:                164 kB
Rss:                  68 kB
Pss:                  10 kB
Shared_Clean:         68 kB
Shared_Dirty:          0 kB
Private_Clean:         0 kB
Private_Dirty:         0 kB
Referenced:            4 kB
Swap:                  0 kB
KernelPageSize:        4 kB
MMUPageSize:           4 kB
435d7000-435e7000 ---p 00000000 00:00 0 
Size:                 64 kB
Rss:                   0 kB
Pss:                   0 kB
Shared_Clean:          0 kB
Shared_Dirty:          0 kB
Private_Clean:         0 kB
Private_Dirty:         0 kB
Referenced:            0 kB
Swap:                  0 kB
KernelPageSize:        4 kB
MMUPageSize:           4 kB
435e7000-435ed000 r--p 00029000 08:01 124777     /run/youview/jail/applications/air/0/opt/zinc-trunk/lib/libCopperSystemAPI.so.0.0.0
Size:                 24 kB
Rss:                  24 kB
Pss:                  17 kB
Shared_Clean:          8 kB
Shared_Dirty:          0 kB
Private_Clean:         0 kB
Private_Dirty:        16 kB
Referenced:           16 kB
Swap:                  0 kB
KernelPageSize:        4 kB
MMUPageSize:           4 kB
435ed000-435ee000 rw-p 0002f000 08:01 124777     /run/youview/jail/applications/air/0/opt/zinc-trunk/lib/libCopperSystemAPI.so.0.0.0
Size:                  4 kB
Rss:                   4 kB
Pss:                   4 kB
Shared_Clean:          0 kB
Shared_Dirty:          0 kB
Private_Clean:         0 kB
Private_Dirty:         4 kB
Referenced:            4 kB
Swap:                  0 kB
KernelPageSize:        4 kB
MMUPageSize:           4 kB
435ee000-435f1000 r-xp 00000000 08:01 124818     /run/youview/jail/applications/air/0/opt/zinc-trunk/lib/libTitaniumApplicationContainerAPI.so.0.0.0
Size:                 12 kB
Rss:                  12 kB
Pss:                   6 kB
Shared_Clean:         12 kB
Shared_Dirty:          0 kB
Private_Clean:         0 kB
Private_Dirty:         0 kB
Referenced:            0 kB
Swap:                  0 kB
KernelPageSize:        4 kB
MMUPageSize:           4 kB
435f1000-43600000 ---p 00000000 00:00 0 
Size:                 60 kB
Rss:                   0 kB
Pss:                   0 kB
Shared_Clean:          0 kB
Shared_Dirty:          0 kB
Private_Clean:         0 kB
Private_Dirty:         0 kB
Referenced:            0 kB
Swap:                  0 kB
KernelPageSize:        4 kB
MMUPageSize:           4 kB
43600000-43601000 r--p 00002000 08:01 124818     /run/youview/jail/applications/air/0/opt/zinc-trunk/lib/libTitaniumApplicationContainerAPI.so.0.0.0
Size:                  4 kB
Rss:                   4 kB
Pss:                   4 kB
Shared_Clean:          0 kB
Shared_Dirty:          0 kB
Private_Clean:         0 kB
Private_Dirty:         4 kB
Referenced:            4 kB
Swap:                  0 kB
KernelPageSize:        4 kB
MMUPageSize:           4 kB
43601000-43602000 rw-p 00003000 08:01 124818     /run/youview/jail/applications/air/0/opt/zinc-trunk/lib/libTitaniumApplicationContainerAPI.so.0.0.0
Size:                  4 kB
Rss:                   4 kB
Pss:                   4 kB
Shared_Clean:          0 kB
Shared_Dirty:          0 kB
Private_Clean:         0 kB
Private_Dirty:         4 kB
Referenced:            4 kB
Swap:                  0 kB
KernelPageSize:        4 kB
MMUPageSize:           4 kB
43602000-4362b000 r-xp 00000000 08:01 124773     /run/youview/jail/applications/air/0/opt/zinc-trunk/lib/libTitaniumUtils.so.0.0.0
Size:                164 kB
Rss:                  68 kB
Pss:                  13 kB
Shared_Clean:         68 kB
Shared_Dirty:          0 kB
Private_Clean:         0 kB
Private_Dirty:         0 kB
Referenced:            0 kB
Swap:                  0 kB
KernelPageSize:        4 kB
MMUPageSize:           4 kB
4362b000-4363b000 ---p 00000000 00:00 0 
Size:                 64 kB
Rss:                   0 kB
Pss:                   0 kB
Shared_Clean:          0 kB
Shared_Dirty:          0 kB
Private_Clean:         0 kB
Private_Dirty:         0 kB
Referenced:            0 kB
Swap:                  0 kB
KernelPageSize:        4 kB
MMUPageSize:           4 kB
4363b000-43640000 r--p 00029000 08:01 124773     /run/youview/jail/applications/air/0/opt/zinc-trunk/lib/libTitaniumUtils.so.0.0.0
Size:                 20 kB
Rss:                  20 kB
Pss:                  17 kB
Shared_Clean:          4 kB
Shared_Dirty:          0 kB
Private_Clean:         0 kB
Private_Dirty:        16 kB
Referenced:           16 kB
Swap:                  0 kB
KernelPageSize:        4 kB
MMUPageSize:           4 kB
43640000-43641000 rw-p 0002e000 08:01 124773     /run/youview/jail/applications/air/0/opt/zinc-trunk/lib/libTitaniumUtils.so.0.0.0
Size:                  4 kB
Rss:                   4 kB
Pss:                   4 kB
Shared_Clean:          0 kB
Shared_Dirty:          0 kB
Private_Clean:         0 kB
Private_Dirty:         4 kB
Referenced:            4 kB
Swap:                  0 kB
KernelPageSize:        4 kB
MMUPageSize:           4 kB
43641000-4365a000 r-xp 00000000 08:01 124648     /run/youview/jail/applications/air/0/opt/zinc-trunk/lib/libZincHttpClient.so.0.0.0
Size:                100 kB
Rss:                  28 kB
Pss:                   7 kB
Shared_Clean:         28 kB
Shared_Dirty:          0 kB
Private_Clean:         0 kB
Private_Dirty:         0 kB
Referenced:            0 kB
Swap:                  0 kB
KernelPageSize:        4 kB
MMUPageSize:           4 kB
4365a000-4366a000 ---p 00000000 00:00 0 
Size:                 64 kB
Rss:                   0 kB
Pss:                   0 kB
Shared_Clean:          0 kB
Shared_Dirty:          0 kB
Private_Clean:         0 kB
Private_Dirty:         0 kB
Referenced:            0 kB
Swap:                  0 kB
KernelPageSize:        4 kB
MMUPageSize:           4 kB
